MPLINK 4.48, Linker
Linker Map File - Created Tue Apr 28 15:29:41 2015

                                 Section Info
                  Section       Type    Address   Location Size(Bytes)
                ---------  ---------  ---------  ---------  ---------
               _entry_scn       code   0x000000    program   0x000006
           .code___init.o       code   0x000006    program   0x000002
              high_vector       code   0x000008    program   0x000018
         .code_fxd1616u.o       code   0x000020    program   0x00002c
    .romdata_rtc_driver.o    romdata   0x00004c    program   0x000000
         .romdata_timer.o    romdata   0x00004c    program   0x000000
      .romdata_busy_eep.o    romdata   0x00004c    program   0x000000
      .romdata_fxd0808u.o    romdata   0x00004c    program   0x000000
      .romdata_fxd1616u.o    romdata   0x00004c    program   0x000000
          .romdata_main.o    romdata   0x00004c    program   0x000000
      .romdata_math_fun.o    romdata   0x00004c    program   0x000000
      .romdata_fxd3232u.o    romdata   0x00004c    program   0x000000
  .romdata_linearkeypad.o    romdata   0x00004c    program   0x000000
  .idata_linearkeypad.o_i    romdata   0x00004c    program   0x000000
      .idata_math_fun.o_i    romdata   0x00004c    program   0x000000
        .idata_t0open.o_i    romdata   0x00004c    program   0x000000
.romdata_interruptvector.o    romdata   0x00004c    program   0x000000
.idata_interruptvector.o_i    romdata   0x00004c    program   0x000000
        .romdata_t0open.o    romdata   0x00004c    program   0x000000
    .romdata_i2c_driver.o    romdata   0x00004c    program   0x000000
         .romdata_c018i.o    romdata   0x00004c    program   0x000000
        .romdata___init.o    romdata   0x00004c    program   0x000000
       .romdata_write_B.o    romdata   0x00004c    program   0x000000
       .idata_write_B.o_i    romdata   0x00004c    program   0x000000
           .romdata_app.o    romdata   0x00004c    program   0x000000
       .romdata_t1write.o    romdata   0x00004c    program   0x000000
       .idata_t1write.o_i    romdata   0x00004c    program   0x000000
       .romdata_t0write.o    romdata   0x00004c    program   0x000000
         .romdata_board.o    romdata   0x00004c    program   0x000000
       .idata_t0write.o_i    romdata   0x00004c    program   0x000000
        .romdata_read_B.o    romdata   0x00004c    program   0x000000
  .romdata_digitdisplay.o    romdata   0x00004c    program   0x000000
        .idata_read_B.o_i    romdata   0x00004c    program   0x000000
        .romdata_t1open.o    romdata   0x00004c    program   0x000000
     .idata_heartBeat.o_i    romdata   0x00004c    program   0x000001
     .romdata_heartBeat.o    romdata   0x00004c    program   0x000000
        .idata_t1open.o_i    romdata   0x00004c    program   0x000000
    .idata_i2c_driver.o_i    romdata   0x00004c    program   0x000000
      .idata_fxd3232u.o_i    romdata   0x00004d    program   0x000000
      .idata_fxd1616u.o_i    romdata   0x00004d    program   0x000000
      .idata_fxd0808u.o_i    romdata   0x00004d    program   0x000000
      .idata_busy_eep.o_i    romdata   0x00004d    program   0x000000
        .idata___init.o_i    romdata   0x00004d    program   0x000000
         .idata_c018i.o_i    romdata   0x00004d    program   0x000000
         .idata_board.o_i    romdata   0x00004d    program   0x000000
            .code_c018i.o       code   0x00004e    program   0x000000
  .code_interruptvector.o       code   0x00004e    program   0x000000
                   .cinit    romdata   0x000050    program   0x00006e
         .code_math_fun.o       code   0x0000be    program   0x000bc4
       .code_rtc_driver.o       code   0x000c82    program   0x000934
              .code_app.o       code   0x0015b6    program   0x000698
     .code_digitdisplay.o       code   0x001c4e    program   0x000612
     .code_linearkeypad.o       code   0x002260    program   0x0002b2
            .code_timer.o       code   0x002512    program   0x000292
       .code_i2c_driver.o       code   0x0027a4    program   0x000246
             .code_main.o       code   0x0029ea    program   0x0000a6
               _cinit_scn       code   0x002a90    program   0x00009e
          .code_write_B.o       code   0x002b2e    program   0x000066
             .stringtable    romdata   0x002b94    program   0x00004c
         .code_fxd3232u.o       code   0x002be0    program   0x000048
           .code_read_B.o       code   0x002c28    program   0x000044
           .code_t1open.o       code   0x002c6c    program   0x000042
            .code_board.o       code   0x002cae    program   0x00003e
                     PROG       code   0x002cec    program   0x00003c
          .code_t1write.o       code   0x002d28    program   0x000038
          .code_t0write.o       code   0x002d60    program   0x000038
           .code_t0open.o       code   0x002d98    program   0x000038
              D1KTCYXCODE       code   0x002dd0    program   0x000020
                    .code       code   0x002df0    program   0x000020
             _startup_scn       code   0x002e10    program   0x00001c
         .code_fxd0808u.o       code   0x002e2c    program   0x00001c
        .code_heartBeat.o       code   0x002e48    program   0x00001a
              D10TCYXCODE       code   0x002e62    program   0x000016
         .code_busy_eep.o       code   0x002e78    program   0x000006
               app_data_i    romdata   0x002e7e    program   0x000019
               LKP_DATA_i    romdata   0x002e97    program   0x00000f
           DISPLAY_DATA_i    romdata   0x002ea6    program   0x00001b
         .idata_timer.o_i    romdata   0x002ec1    program   0x000014
    .idata_rtc_driver.o_i    romdata   0x002ed5    program   0x000028
          .idata_main.o_i    romdata   0x002efd    program   0x000009
  .idata_digitdisplay.o_i    romdata   0x002f06    program   0x00000b
           .idata_app.o_i    romdata   0x002f11    program   0x000017
    .config_300001_main.o    romdata   0x300001    program   0x000001
    .config_300002_main.o    romdata   0x300002    program   0x000001
    .config_300003_main.o    romdata   0x300003    program   0x000001
    .config_300005_main.o    romdata   0x300005    program   0x000001
    .config_300006_main.o    romdata   0x300006    program   0x000001
    .config_300008_main.o    romdata   0x300008    program   0x000001
    .config_300009_main.o    romdata   0x300009    program   0x000001
    .config_30000a_main.o    romdata   0x30000a    program   0x000001
    .config_30000b_main.o    romdata   0x30000b    program   0x000001
    .config_30000c_main.o    romdata   0x30000c    program   0x000001
    .config_30000d_main.o    romdata   0x30000d    program   0x000001
                MATH_DATA      udata   0x000000       data   0x000014
                 .tmpdata      udata   0x000014       data   0x000008
                DELAYDAT1      udata   0x00001c       data   0x000001
                   .stack      udata   0x000080       data   0x000080
                 app_data      idata   0x000300       data   0x000019
      .idata_rtc_driver.o      idata   0x000319       data   0x000028
             DISPLAY_DATA      idata   0x000341       data   0x00001b
             .idata_app.o      idata   0x00035c       data   0x000017
           .idata_timer.o      idata   0x000373       data   0x000014
      .udata_rtc_driver.o      udata   0x000387       data   0x000010
                 LKP_DATA      idata   0x000397       data   0x00000f
    .idata_digitdisplay.o      idata   0x0003a6       data   0x00000b
           .udata_c018i.o      udata   0x0003b1       data   0x00000a
            .idata_main.o      idata   0x0003bb       data   0x000009
           .udata_board.o      udata   0x0003c4       data   0x000001
       .idata_heartBeat.o      idata   0x0003c5       data   0x000001
        .idata_fxd3232u.o      idata   0x0003c6       data   0x000000
          .udata_t0open.o      udata   0x0003c6       data   0x000000
          .idata_t0open.o      idata   0x0003c6       data   0x000000
        .udata_fxd3232u.o      udata   0x0003c6       data   0x000000
        .idata_fxd1616u.o      idata   0x0003c6       data   0x000000
        .udata_fxd1616u.o      udata   0x0003c6       data   0x000000
          .udata_t1open.o      udata   0x0003c6       data   0x000000
          .idata_t1open.o      idata   0x0003c6       data   0x000000
          .udata_read_B.o      udata   0x0003c6       data   0x000000
          .idata_read_B.o      idata   0x0003c6       data   0x000000
         .udata_t0write.o      udata   0x0003c6       data   0x000000
         .idata_t0write.o      idata   0x0003c6       data   0x000000
         .udata_t1write.o      udata   0x0003c6       data   0x000000
         .idata_t1write.o      idata   0x0003c6       data   0x000000
         .udata_write_B.o      udata   0x0003c6       data   0x000000
         .idata_write_B.o      idata   0x0003c6       data   0x000000
          .udata___init.o      udata   0x0003c6       data   0x000000
          .idata___init.o      idata   0x0003c6       data   0x000000
             .udata_app.o      udata   0x0003c6       data   0x000000
           .idata_board.o      idata   0x0003c6       data   0x000000
    .udata_digitdisplay.o      udata   0x0003c6       data   0x000000
       .udata_heartBeat.o      udata   0x0003c6       data   0x000000
      .udata_i2c_driver.o      udata   0x0003c6       data   0x000000
      .idata_i2c_driver.o      idata   0x0003c6       data   0x000000
 .udata_interruptvector.o      udata   0x0003c6       data   0x000000
 .idata_interruptvector.o      idata   0x0003c6       data   0x000000
    .udata_linearkeypad.o      udata   0x0003c6       data   0x000000
    .idata_linearkeypad.o      idata   0x0003c6       data   0x000000
            .udata_main.o      udata   0x0003c6       data   0x000000
        .udata_math_fun.o      udata   0x0003c6       data   0x000000
        .idata_math_fun.o      idata   0x0003c6       data   0x000000
           .udata_timer.o      udata   0x0003c6       data   0x000000
        .udata_busy_eep.o      udata   0x0003c6       data   0x000000
        .idata_busy_eep.o      idata   0x0003c6       data   0x000000
           .idata_c018i.o      idata   0x0003c6       data   0x000000
        .udata_fxd0808u.o      udata   0x0003c6       data   0x000000
        .idata_fxd0808u.o      idata   0x0003c6       data   0x000000
            SFR_UNBANKED0      udata   0x000f80       data   0x000080



                              Program Memory Usage 
                               Start         End      
                           ---------   ---------      
                            0x000000    0x00004c      
                            0x000050    0x002f27      
                            0x300001    0x300003      
                            0x300005    0x300006      
                            0x300008    0x30000d      
            12080 out of 33048 program addresses used, program memory utilization is 36%



                              Symbols - Sorted by Name
                     Name    Address   Location    Storage File                     
                ---------  ---------  ---------  --------- ---------                
           APP_conversion   0x001af4    program     extern C:\Users\IDEONICS-BNG\Documents\GitHub\Preset_UP_Timer\source\app.c
                 APP_init   0x0015b6    program     extern C:\Users\IDEONICS-BNG\Documents\GitHub\Preset_UP_Timer\source\app.c
   APP_resetDisplayBuffer   0x001b46    program     extern C:\Users\IDEONICS-BNG\Documents\GitHub\Preset_UP_Timer\source\app.c
    APP_resetPresetBuffer   0x001ba0    program     extern C:\Users\IDEONICS-BNG\Documents\GitHub\Preset_UP_Timer\source\app.c
                 APP_task   0x0016c6    program     extern C:\Users\IDEONICS-BNG\Documents\GitHub\Preset_UP_Timer\source\app.c
            APP_updateRTC   0x001bfa    program     extern C:\Users\IDEONICS-BNG\Documents\GitHub\Preset_UP_Timer\source\app.c
                  BCD2HEX   0x00014c    program     extern C:\Users\IDEONICS-BNG\Documents\GitHub\Preset_UP_Timer\source\math_fun.c
                 BCDtoBin   0x000af8    program     extern C:\Users\IDEONICS-BNG\Documents\GitHub\Preset_UP_Timer\source\math_fun.c
                 BRD_init   0x002cae    program     extern C:\Users\IDEONICS-BNG\Documents\GitHub\Preset_UP_Timer\source\board.c
                 BinToBCD   0x000b26    program     extern C:\Users\IDEONICS-BNG\Documents\GitHub\Preset_UP_Timer\source\math_fun.c
                 Busy_eep   0x002e78    program     extern E:\c18v3.46\pic18-lt\cxx-framework\src\pmc_common\EEP\busy_eep.c
ConvertAndDisplay16BitValue   0x0001ea    program     extern C:\Users\IDEONICS-BNG\Documents\GitHub\Preset_UP_Timer\source\math_fun.c
ConvertAndDisplay32BitValue   0x0005b6    program     extern C:\Users\IDEONICS-BNG\Documents\GitHub\Preset_UP_Timer\source\math_fun.c
ConvertAndDisplay8BitValue   0x00047a    program     extern C:\Users\IDEONICS-BNG\Documents\GitHub\Preset_UP_Timer\source\math_fun.c
           ConvertBCD2HEX   0x0000be    program     extern C:\Users\IDEONICS-BNG\Documents\GitHub\Preset_UP_Timer\source\math_fun.c
  ConvertHour12to24Format   0x0012b0    program     extern C:\Users\IDEONICS-BNG\Documents\GitHub\Preset_UP_Timer\source\rtc_driver.c
  ConvertTime12to24Format   0x001156    program     extern C:\Users\IDEONICS-BNG\Documents\GitHub\Preset_UP_Timer\source\rtc_driver.c
  ConvertTime24to12Format   0x000fc6    program     extern C:\Users\IDEONICS-BNG\Documents\GitHub\Preset_UP_Timer\source\rtc_driver.c
ConvertUnPackedAsciiToPacked16BitHexValue   0x000b6c    program     extern C:\Users\IDEONICS-BNG\Documents\GitHub\Preset_UP_Timer\source\math_fun.c
                    D10_1   0x002e72    program     static E:\c18v3.46\pic18-lt\cxx-framework\src\traditional\delays\d10tcyx.asm
                     D10x   0x002e6a    program     static E:\c18v3.46\pic18-lt\cxx-framework\src\traditional\delays\d10tcyx.asm
                    D1K_1   0x002ddc    program     static E:\c18v3.46\pic18-lt\cxx-framework\src\traditional\delays\d1ktcyx.asm
                     D1Kx   0x002dda    program     static E:\c18v3.46\pic18-lt\cxx-framework\src\traditional\delays\d1ktcyx.asm
              Delay10TCYx   0x002e62    program     extern E:\c18v3.46\pic18-lt\cxx-framework\src\traditional\delays\d10tcyx.asm
              Delay1KTCYx   0x002dd0    program     extern E:\c18v3.46\pic18-lt\cxx-framework\src\traditional\delays\d1ktcyx.asm
       DigitDisplay_DotOn   0x002044    program     extern C:\Users\IDEONICS-BNG\Documents\GitHub\Preset_UP_Timer\source\digitdisplay.c
    DigitDisplay_blinkOff   0x001faa    program     extern C:\Users\IDEONICS-BNG\Documents\GitHub\Preset_UP_Timer\source\digitdisplay.c
     DigitDisplay_blinkOn   0x001f72    program     extern C:\Users\IDEONICS-BNG\Documents\GitHub\Preset_UP_Timer\source\digitdisplay.c
 DigitDisplay_blinkOn_ind   0x0021ce    program     extern C:\Users\IDEONICS-BNG\Documents\GitHub\Preset_UP_Timer\source\digitdisplay.c
       DigitDisplay_clear   0x001fb8    program     extern C:\Users\IDEONICS-BNG\Documents\GitHub\Preset_UP_Timer\source\digitdisplay.c
        DigitDisplay_init   0x001c4e    program     extern C:\Users\IDEONICS-BNG\Documents\GitHub\Preset_UP_Timer\source\digitdisplay.c
        DigitDisplay_task   0x001d4a    program     extern C:\Users\IDEONICS-BNG\Documents\GitHub\Preset_UP_Timer\source\digitdisplay.c
DigitDisplay_updateBuffer   0x001dd0    program     extern C:\Users\IDEONICS-BNG\Documents\GitHub\Preset_UP_Timer\source\digitdisplay.c
DigitDisplay_updateBufferBinary   0x001e9a    program     extern C:\Users\IDEONICS-BNG\Documents\GitHub\Preset_UP_Timer\source\digitdisplay.c
DigitDisplay_updateBufferPartial   0x0020ee    program     extern C:\Users\IDEONICS-BNG\Documents\GitHub\Preset_UP_Timer\source\digitdisplay.c
 DigitDisplay_updateDigit   0x001eee    program     extern C:\Users\IDEONICS-BNG\Documents\GitHub\Preset_UP_Timer\source\digitdisplay.c
         EnableInterrupts   0x00001a    program     extern C:\Users\IDEONICS-BNG\Documents\GitHub\Preset_UP_Timer\source\interruptvector.c
                 FXD0808U   0x002e2c    program     extern E:\c18v3.46\pic18-lt\cxx-framework\src\traditional\math\fxd0808u.c
                 FXD1616U   0x000020    program     extern E:\c18v3.46\pic18-lt\cxx-framework\src\traditional\math\fxd1616u.c
                 FXD3232U   0x002be0    program     extern E:\c18v3.46\pic18-lt\cxx-framework\src\traditional\math\fxd3232u.c
                 FXM1616U   0x002cec    program     extern E:\c18v3.46\pic18-lt\cxx-framework\src\traditional\math\fxm1616u.asm
               GetAppTime   0x002744    program     extern C:\Users\IDEONICS-BNG\Documents\GitHub\Preset_UP_Timer\source\timer.c
                  HB_init   0x002e48    program     extern C:\Users\IDEONICS-BNG\Documents\GitHub\Preset_UP_Timer\source\heartBeat.c
                  HB_task   0x002e4e    program     extern C:\Users\IDEONICS-BNG\Documents\GitHub\Preset_UP_Timer\source\heartBeat.c
                  HEX2BCD   0x000186    program     extern C:\Users\IDEONICS-BNG\Documents\GitHub\Preset_UP_Timer\source\math_fun.c
            InitializeI2C   0x0027a4    program     extern C:\Users\IDEONICS-BNG\Documents\GitHub\Preset_UP_Timer\source\i2c_driver.c
            InitializeRtc   0x00153c    program     extern C:\Users\IDEONICS-BNG\Documents\GitHub\Preset_UP_Timer\source\rtc_driver.c
                  Int2Day   0x000c82    program     extern C:\Users\IDEONICS-BNG\Documents\GitHub\Preset_UP_Timer\source\rtc_driver.c
                Int2Month   0x000cba    program     extern C:\Users\IDEONICS-BNG\Documents\GitHub\Preset_UP_Timer\source\rtc_driver.c
 LinearKeyPad_getKeyState   0x00235e    program     extern C:\Users\IDEONICS-BNG\Documents\GitHub\Preset_UP_Timer\source\linearkeypad.c
        LinearKeyPad_init   0x002260    program     extern C:\Users\IDEONICS-BNG\Documents\GitHub\Preset_UP_Timer\source\linearkeypad.c
       LinearKeyPad_reset   0x002386    program     extern C:\Users\IDEONICS-BNG\Documents\GitHub\Preset_UP_Timer\source\linearkeypad.c
        LinearKeyPad_scan   0x002314    program     extern C:\Users\IDEONICS-BNG\Documents\GitHub\Preset_UP_Timer\source\linearkeypad.c
LinearKeyPad_scan_from_to   0x0022bc    program     extern C:\Users\IDEONICS-BNG\Documents\GitHub\Preset_UP_Timer\source\linearkeypad.c
   LinearKeyPad_updateKey   0x002290    program     extern C:\Users\IDEONICS-BNG\Documents\GitHub\Preset_UP_Timer\source\linearkeypad.c
               OpenTimer0   0x002d98    program     extern E:\c18v3.46\pic18-lt\cxx-framework\src\pmc_common\Timers\t0open.c
               OpenTimer1   0x002c6c    program     extern E:\c18v3.46\pic18-lt\cxx-framework\src\pmc_common\Timers\t1open.c
              ReadByteI2C   0x002974    program     extern C:\Users\IDEONICS-BNG\Documents\GitHub\Preset_UP_Timer\source\i2c_driver.c
                  ReadI2C   0x0028d2    program     extern C:\Users\IDEONICS-BNG\Documents\GitHub\Preset_UP_Timer\source\i2c_driver.c
       ReadRtcTimeAndDate   0x000d00    program     extern C:\Users\IDEONICS-BNG\Documents\GitHub\Preset_UP_Timer\source\rtc_driver.c
               Read_b_eep   0x002c28    program     extern E:\c18v3.46\pic18-lt\cxx-framework\src\pmc_common\EEP\read_B.c
             ResetAppTime   0x002794    program     extern C:\Users\IDEONICS-BNG\Documents\GitHub\Preset_UP_Timer\source\timer.c
                 ResetI2C   0x002808    program     extern C:\Users\IDEONICS-BNG\Documents\GitHub\Preset_UP_Timer\source\i2c_driver.c
              SetHourMode   0x000f5c    program     extern C:\Users\IDEONICS-BNG\Documents\GitHub\Preset_UP_Timer\source\rtc_driver.c
                 StartI2C   0x0027bc    program     extern C:\Users\IDEONICS-BNG\Documents\GitHub\Preset_UP_Timer\source\i2c_driver.c
                  StopI2C   0x0027e8    program     extern C:\Users\IDEONICS-BNG\Documents\GitHub\Preset_UP_Timer\source\i2c_driver.c
          StoreSystemDate   0x00140c    program     extern C:\Users\IDEONICS-BNG\Documents\GitHub\Preset_UP_Timer\source\rtc_driver.c
           StoreSystemDay   0x001504    program     extern C:\Users\IDEONICS-BNG\Documents\GitHub\Preset_UP_Timer\source\rtc_driver.c
          StoreSystemTime   0x001316    program     extern C:\Users\IDEONICS-BNG\Documents\GitHub\Preset_UP_Timer\source\rtc_driver.c
                 TMR0_ISR   0x002512    program     extern C:\Users\IDEONICS-BNG\Documents\GitHub\Preset_UP_Timer\source\timer.c
                TMR0_init   0x0026b6    program     extern C:\Users\IDEONICS-BNG\Documents\GitHub\Preset_UP_Timer\source\timer.c
                 TMR1_ISR   0x0025fc    program     extern C:\Users\IDEONICS-BNG\Documents\GitHub\Preset_UP_Timer\source\timer.c
                TMR1_init   0x0026fc    program     extern C:\Users\IDEONICS-BNG\Documents\GitHub\Preset_UP_Timer\source\timer.c
  UpdateRealTimeClockTask   0x001590    program     extern C:\Users\IDEONICS-BNG\Documents\GitHub\Preset_UP_Timer\source\rtc_driver.c
             WriteByteI2C   0x0029b8    program     extern C:\Users\IDEONICS-BNG\Documents\GitHub\Preset_UP_Timer\source\i2c_driver.c
                 WriteI2C   0x002844    program     extern C:\Users\IDEONICS-BNG\Documents\GitHub\Preset_UP_Timer\source\i2c_driver.c
      WriteRtcTimeAndDate   0x000e50    program     extern C:\Users\IDEONICS-BNG\Documents\GitHub\Preset_UP_Timer\source\rtc_driver.c
              WriteTimer0   0x002d60    program     extern E:\c18v3.46\pic18-lt\cxx-framework\src\pmc_common\Timers\t0write.c
              WriteTimer1   0x002d28    program     extern E:\c18v3.46\pic18-lt\cxx-framework\src\pmc_common\Timers\t1write.c
              Write_b_eep   0x002b2e    program     extern E:\c18v3.46\pic18-lt\cxx-framework\src\pmc_common\EEP\write_B.c
        _D10TCYXCODE_000A   0x002e6c    program     static E:\c18v3.46\pic18-lt\cxx-framework\src\traditional\delays\d10tcyx.asm
        _D10TCYXCODE_000C   0x002e6e    program     static E:\c18v3.46\pic18-lt\cxx-framework\src\traditional\delays\d10tcyx.asm
        _D10TCYXCODE_000E   0x002e70    program     static E:\c18v3.46\pic18-lt\cxx-framework\src\traditional\delays\d10tcyx.asm
        _D1KTCYXCODE_0010   0x002de0    program     static E:\c18v3.46\pic18-lt\cxx-framework\src\traditional\delays\d1ktcyx.asm
        _D1KTCYXCODE_0016   0x002de6    program     static E:\c18v3.46\pic18-lt\cxx-framework\src\traditional\delays\d1ktcyx.asm
           ___if_lbl00001   0x000010    program     static                          
           ___if_lbl00002   0x000018    program     static                          
       ___return_lbl00000   0x002e46    program     static                          
       ___return_lbl00000   0x000018    program     static                          
       ___return_lbl00000   0x00004a    program     static                          
       ___return_lbl00000   0x002c26    program     static                          
       ___return_lbl00000   0x002c60    program     static                          
       ___return_lbl00000   0x000004    program     static                          
       ___return_lbl00001   0x002e2a    program     static                          
       ___return_lbl00002   0x002b2c    program     static                          
               __config_0   0x300001    program     static C:\Users\IDEONICS-BNG\Documents\GitHub\Preset_UP_Timer\source\main.c
               __config_1   0x300002    program     static C:\Users\IDEONICS-BNG\Documents\GitHub\Preset_UP_Timer\source\main.c
              __config_10   0x30000d    program     static C:\Users\IDEONICS-BNG\Documents\GitHub\Preset_UP_Timer\source\main.c
               __config_2   0x300003    program     static C:\Users\IDEONICS-BNG\Documents\GitHub\Preset_UP_Timer\source\main.c
               __config_3   0x300005    program     static C:\Users\IDEONICS-BNG\Documents\GitHub\Preset_UP_Timer\source\main.c
               __config_4   0x300006    program     static C:\Users\IDEONICS-BNG\Documents\GitHub\Preset_UP_Timer\source\main.c
               __config_5   0x300008    program     static C:\Users\IDEONICS-BNG\Documents\GitHub\Preset_UP_Timer\source\main.c
               __config_6   0x300009    program     static C:\Users\IDEONICS-BNG\Documents\GitHub\Preset_UP_Timer\source\main.c
               __config_7   0x30000a    program     static C:\Users\IDEONICS-BNG\Documents\GitHub\Preset_UP_Timer\source\main.c
               __config_8   0x30000b    program     static C:\Users\IDEONICS-BNG\Documents\GitHub\Preset_UP_Timer\source\main.c
               __config_9   0x30000c    program     static C:\Users\IDEONICS-BNG\Documents\GitHub\Preset_UP_Timer\source\main.c
                   __init   0x000006    program     extern E:\c18v3.46\pic18-lt\cxx-framework\src\traditional\stdclib\__init.c
               __string_0   0x002bdc    program     static C:\Users\IDEONICS-BNG\Documents\GitHub\Preset_UP_Timer\source\rtc_driver.c
               __string_1   0x002bd8    program     static C:\Users\IDEONICS-BNG\Documents\GitHub\Preset_UP_Timer\source\rtc_driver.c
              __string_10   0x002bb4    program     static C:\Users\IDEONICS-BNG\Documents\GitHub\Preset_UP_Timer\source\rtc_driver.c
              __string_11   0x002bb0    program     static C:\Users\IDEONICS-BNG\Documents\GitHub\Preset_UP_Timer\source\rtc_driver.c
              __string_12   0x002bac    program     static C:\Users\IDEONICS-BNG\Documents\GitHub\Preset_UP_Timer\source\rtc_driver.c
              __string_13   0x002ba8    program     static C:\Users\IDEONICS-BNG\Documents\GitHub\Preset_UP_Timer\source\rtc_driver.c
              __string_14   0x002ba4    program     static C:\Users\IDEONICS-BNG\Documents\GitHub\Preset_UP_Timer\source\rtc_driver.c
              __string_15   0x002ba0    program     static C:\Users\IDEONICS-BNG\Documents\GitHub\Preset_UP_Timer\source\rtc_driver.c
              __string_16   0x002b9c    program     static C:\Users\IDEONICS-BNG\Documents\GitHub\Preset_UP_Timer\source\rtc_driver.c
              __string_17   0x002b98    program     static C:\Users\IDEONICS-BNG\Documents\GitHub\Preset_UP_Timer\source\rtc_driver.c
              __string_18   0x002b94    program     static C:\Users\IDEONICS-BNG\Documents\GitHub\Preset_UP_Timer\source\rtc_driver.c
               __string_2   0x002bd4    program     static C:\Users\IDEONICS-BNG\Documents\GitHub\Preset_UP_Timer\source\rtc_driver.c
               __string_3   0x002bd0    program     static C:\Users\IDEONICS-BNG\Documents\GitHub\Preset_UP_Timer\source\rtc_driver.c
               __string_4   0x002bcc    program     static C:\Users\IDEONICS-BNG\Documents\GitHub\Preset_UP_Timer\source\rtc_driver.c
               __string_5   0x002bc8    program     static C:\Users\IDEONICS-BNG\Documents\GitHub\Preset_UP_Timer\source\rtc_driver.c
               __string_6   0x002bc4    program     static C:\Users\IDEONICS-BNG\Documents\GitHub\Preset_UP_Timer\source\rtc_driver.c
               __string_7   0x002bc0    program     static C:\Users\IDEONICS-BNG\Documents\GitHub\Preset_UP_Timer\source\rtc_driver.c
               __string_8   0x002bbc    program     static C:\Users\IDEONICS-BNG\Documents\GitHub\Preset_UP_Timer\source\rtc_driver.c
               __string_9   0x002bb8    program     static C:\Users\IDEONICS-BNG\Documents\GitHub\Preset_UP_Timer\source\rtc_driver.c
            __zero_memory   0x002df0    program     extern E:\c18v3.46\pic18-lt\cxx-framework\src\traditional\proc\p18f4520.asm
                _do_cinit   0x002a90    program     extern E:\c18v3.46\pic18-lt\cxx-framework\src\traditional\startup\c018i.c
                   _entry   0x000000    program     extern E:\c18v3.46\pic18-lt\cxx-framework\src\traditional\startup\c018i.c
                   _false   0x002c22    program     static                          
                 _startup   0x002e10    program     extern E:\c18v3.46\pic18-lt\cxx-framework\src\traditional\startup\c018i.c
                compare_l   0x002e06    program     static E:\c18v3.46\pic18-lt\cxx-framework\src\traditional\proc\p18f4520.asm
                copy_loop   0x002b02    program     static                          
            copy_one_byte   0x002b08    program     static                          
                     done   0x002b2c    program     static                          
             done_copying   0x002b16    program     static                          
                  endloop   0x002e42    program     static                          
                  endloop   0x000046    program     static                          
           high_interrupt   0x000008    program     extern C:\Users\IDEONICS-BNG\Documents\GitHub\Preset_UP_Timer\source\interruptvector.c
                     loop   0x002e34    program     static                          
                     loop   0x00002a    program     static                          
                     loop   0x002e20    program     static                          
                     loop   0x002bee    program     static                          
                   loop_h   0x002dfe    program     static E:\c18v3.46\pic18-lt\cxx-framework\src\traditional\proc\p18f4520.asm
                   loop_l   0x002e08    program     static E:\c18v3.46\pic18-lt\cxx-framework\src\traditional\proc\p18f4520.asm
                     main   0x0029ea    program     extern C:\Users\IDEONICS-BNG\Documents\GitHub\Preset_UP_Timer\source\main.c
           readKeyPadPort   0x0023d0    program     static C:\Users\IDEONICS-BNG\Documents\GitHub\Preset_UP_Timer\source\linearkeypad.c
                     test   0x002aaa    program     static                          
                updateKey   0x002402    program     static C:\Users\IDEONICS-BNG\Documents\GitHub\Preset_UP_Timer\source\linearkeypad.c
                 validate   0x0020aa    program     static C:\Users\IDEONICS-BNG\Documents\GitHub\Preset_UP_Timer\source\digitdisplay.c
       writeToDisplayPort   0x001fec    program     static C:\Users\IDEONICS-BNG\Documents\GitHub\Preset_UP_Timer\source\digitdisplay.c
               zero_block   0x002dfe    program     static E:\c18v3.46\pic18-lt\cxx-framework\src\traditional\proc\p18f4520.asm
                   ADCON0   0x000fc2       data     extern E:\c18v3.46\pic18-lt\cxx-framework\src\traditional\proc\p18f4520.asm
               ADCON0bits   0x000fc2       data     extern E:\c18v3.46\pic18-lt\cxx-framework\src\traditional\proc\p18f4520.asm
                   ADCON1   0x000fc1       data     extern E:\c18v3.46\pic18-lt\cxx-framework\src\traditional\proc\p18f4520.asm
               ADCON1bits   0x000fc1       data     extern E:\c18v3.46\pic18-lt\cxx-framework\src\traditional\proc\p18f4520.asm
                   ADCON2   0x000fc0       data     extern E:\c18v3.46\pic18-lt\cxx-framework\src\traditional\proc\p18f4520.asm
               ADCON2bits   0x000fc0       data     extern E:\c18v3.46\pic18-lt\cxx-framework\src\traditional\proc\p18f4520.asm
                    ADRES   0x000fc3       data     extern E:\c18v3.46\pic18-lt\cxx-framework\src\traditional\proc\p18f4520.asm
                   ADRESH   0x000fc4       data     extern E:\c18v3.46\pic18-lt\cxx-framework\src\traditional\proc\p18f4520.asm
                   ADRESL   0x000fc3       data     extern E:\c18v3.46\pic18-lt\cxx-framework\src\traditional\proc\p18f4520.asm
             AppTimestamp   0x000383       data     extern C:\Users\IDEONICS-BNG\Documents\GitHub\Preset_UP_Timer\source\timer.c
                  BAUDCON   0x000fb8       data     extern E:\c18v3.46\pic18-lt\cxx-framework\src\traditional\proc\p18f4520.asm
              BAUDCONbits   0x000fb8       data     extern E:\c18v3.46\pic18-lt\cxx-framework\src\traditional\proc\p18f4520.asm
                  BAUDCTL   0x000fb8       data     extern E:\c18v3.46\pic18-lt\cxx-framework\src\traditional\proc\p18f4520.asm
              BAUDCTLbits   0x000fb8       data     extern E:\c18v3.46\pic18-lt\cxx-framework\src\traditional\proc\p18f4520.asm
                      BSR   0x000fe0       data     extern E:\c18v3.46\pic18-lt\cxx-framework\src\traditional\proc\p18f4520.asm
                  CCP1CON   0x000fbd       data     extern E:\c18v3.46\pic18-lt\cxx-framework\src\traditional\proc\p18f4520.asm
              CCP1CONbits   0x000fbd       data     extern E:\c18v3.46\pic18-lt\cxx-framework\src\traditional\proc\p18f4520.asm
                  CCP2CON   0x000fba       data     extern E:\c18v3.46\pic18-lt\cxx-framework\src\traditional\proc\p18f4520.asm
              CCP2CONbits   0x000fba       data     extern E:\c18v3.46\pic18-lt\cxx-framework\src\traditional\proc\p18f4520.asm
                    CCPR1   0x000fbe       data     extern E:\c18v3.46\pic18-lt\cxx-framework\src\traditional\proc\p18f4520.asm
                   CCPR1H   0x000fbf       data     extern E:\c18v3.46\pic18-lt\cxx-framework\src\traditional\proc\p18f4520.asm
                   CCPR1L   0x000fbe       data     extern E:\c18v3.46\pic18-lt\cxx-framework\src\traditional\proc\p18f4520.asm
                    CCPR2   0x000fbb       data     extern E:\c18v3.46\pic18-lt\cxx-framework\src\traditional\proc\p18f4520.asm
                   CCPR2H   0x000fbc       data     extern E:\c18v3.46\pic18-lt\cxx-framework\src\traditional\proc\p18f4520.asm
                   CCPR2L   0x000fbb       data     extern E:\c18v3.46\pic18-lt\cxx-framework\src\traditional\proc\p18f4520.asm
                    CMCON   0x000fb4       data     extern E:\c18v3.46\pic18-lt\cxx-framework\src\traditional\proc\p18f4520.asm
                CMCONbits   0x000fb4       data     extern E:\c18v3.46\pic18-lt\cxx-framework\src\traditional\proc\p18f4520.asm
                   CVRCON   0x000fb5       data     extern E:\c18v3.46\pic18-lt\cxx-framework\src\traditional\proc\p18f4520.asm
               CVRCONbits   0x000fb5       data     extern E:\c18v3.46\pic18-lt\cxx-framework\src\traditional\proc\p18f4520.asm
                     DDRA   0x000f92       data     extern E:\c18v3.46\pic18-lt\cxx-framework\src\traditional\proc\p18f4520.asm
                 DDRAbits   0x000f92       data     extern E:\c18v3.46\pic18-lt\cxx-framework\src\traditional\proc\p18f4520.asm
                     DDRB   0x000f93       data     extern E:\c18v3.46\pic18-lt\cxx-framework\src\traditional\proc\p18f4520.asm
                 DDRBbits   0x000f93       data     extern E:\c18v3.46\pic18-lt\cxx-framework\src\traditional\proc\p18f4520.asm
                     DDRC   0x000f94       data     extern E:\c18v3.46\pic18-lt\cxx-framework\src\traditional\proc\p18f4520.asm
                 DDRCbits   0x000f94       data     extern E:\c18v3.46\pic18-lt\cxx-framework\src\traditional\proc\p18f4520.asm
                     DDRD   0x000f95       data     extern E:\c18v3.46\pic18-lt\cxx-framework\src\traditional\proc\p18f4520.asm
                 DDRDbits   0x000f95       data     extern E:\c18v3.46\pic18-lt\cxx-framework\src\traditional\proc\p18f4520.asm
                     DDRE   0x000f96       data     extern E:\c18v3.46\pic18-lt\cxx-framework\src\traditional\proc\p18f4520.asm
                 DDREbits   0x000f96       data     extern E:\c18v3.46\pic18-lt\cxx-framework\src\traditional\proc\p18f4520.asm
                   DayStr   0x00031a       data     extern C:\Users\IDEONICS-BNG\Documents\GitHub\Preset_UP_Timer\source\rtc_driver.c
            DelayCounter1   0x00001c       data     extern E:\c18v3.46\pic18-lt\cxx-framework\src\traditional\delays\delayd1.asm
                  ECCP1AS   0x000fb6       data     extern E:\c18v3.46\pic18-lt\cxx-framework\src\traditional\proc\p18f4520.asm
              ECCP1ASbits   0x000fb6       data     extern E:\c18v3.46\pic18-lt\cxx-framework\src\traditional\proc\p18f4520.asm
                 ECCP1DEL   0x000fb7       data     extern E:\c18v3.46\pic18-lt\cxx-framework\src\traditional\proc\p18f4520.asm
             ECCP1DELbits   0x000fb7       data     extern E:\c18v3.46\pic18-lt\cxx-framework\src\traditional\proc\p18f4520.asm
                   ECCPAS   0x000fb6       data     extern E:\c18v3.46\pic18-lt\cxx-framework\src\traditional\proc\p18f4520.asm
               ECCPASbits   0x000fb6       data     extern E:\c18v3.46\pic18-lt\cxx-framework\src\traditional\proc\p18f4520.asm
                    EEADR   0x000fa9       data     extern E:\c18v3.46\pic18-lt\cxx-framework\src\traditional\proc\p18f4520.asm
                   EECON1   0x000fa6       data     extern E:\c18v3.46\pic18-lt\cxx-framework\src\traditional\proc\p18f4520.asm
               EECON1bits   0x000fa6       data     extern E:\c18v3.46\pic18-lt\cxx-framework\src\traditional\proc\p18f4520.asm
                   EECON2   0x000fa7       data     extern E:\c18v3.46\pic18-lt\cxx-framework\src\traditional\proc\p18f4520.asm
                   EEDATA   0x000fa8       data     extern E:\c18v3.46\pic18-lt\cxx-framework\src\traditional\proc\p18f4520.asm
                     FSR0   0x000fe9       data     extern E:\c18v3.46\pic18-lt\cxx-framework\src\traditional\proc\p18f4520.asm
                    FSR0H   0x000fea       data     extern E:\c18v3.46\pic18-lt\cxx-framework\src\traditional\proc\p18f4520.asm
                    FSR0L   0x000fe9       data     extern E:\c18v3.46\pic18-lt\cxx-framework\src\traditional\proc\p18f4520.asm
                     FSR1   0x000fe1       data     extern E:\c18v3.46\pic18-lt\cxx-framework\src\traditional\proc\p18f4520.asm
                    FSR1H   0x000fe2       data     extern E:\c18v3.46\pic18-lt\cxx-framework\src\traditional\proc\p18f4520.asm
                    FSR1L   0x000fe1       data     extern E:\c18v3.46\pic18-lt\cxx-framework\src\traditional\proc\p18f4520.asm
                     FSR2   0x000fd9       data     extern E:\c18v3.46\pic18-lt\cxx-framework\src\traditional\proc\p18f4520.asm
                    FSR2H   0x000fda       data     extern E:\c18v3.46\pic18-lt\cxx-framework\src\traditional\proc\p18f4520.asm
                    FSR2L   0x000fd9       data     extern E:\c18v3.46\pic18-lt\cxx-framework\src\traditional\proc\p18f4520.asm
                  HLVDCON   0x000fd2       data     extern E:\c18v3.46\pic18-lt\cxx-framework\src\traditional\proc\p18f4520.asm
              HLVDCONbits   0x000fd2       data     extern E:\c18v3.46\pic18-lt\cxx-framework\src\traditional\proc\p18f4520.asm
                    INDF0   0x000fef       data     extern E:\c18v3.46\pic18-lt\cxx-framework\src\traditional\proc\p18f4520.asm
                    INDF1   0x000fe7       data     extern E:\c18v3.46\pic18-lt\cxx-framework\src\traditional\proc\p18f4520.asm
                    INDF2   0x000fdf       data     extern E:\c18v3.46\pic18-lt\cxx-framework\src\traditional\proc\p18f4520.asm
                   INTCON   0x000ff2       data     extern E:\c18v3.46\pic18-lt\cxx-framework\src\traditional\proc\p18f4520.asm
                  INTCON2   0x000ff1       data     extern E:\c18v3.46\pic18-lt\cxx-framework\src\traditional\proc\p18f4520.asm
              INTCON2bits   0x000ff1       data     extern E:\c18v3.46\pic18-lt\cxx-framework\src\traditional\proc\p18f4520.asm
                  INTCON3   0x000ff0       data     extern E:\c18v3.46\pic18-lt\cxx-framework\src\traditional\proc\p18f4520.asm
              INTCON3bits   0x000ff0       data     extern E:\c18v3.46\pic18-lt\cxx-framework\src\traditional\proc\p18f4520.asm
               INTCONbits   0x000ff2       data     extern E:\c18v3.46\pic18-lt\cxx-framework\src\traditional\proc\p18f4520.asm
                     IPR1   0x000f9f       data     extern E:\c18v3.46\pic18-lt\cxx-framework\src\traditional\proc\p18f4520.asm
                 IPR1bits   0x000f9f       data     extern E:\c18v3.46\pic18-lt\cxx-framework\src\traditional\proc\p18f4520.asm
                     IPR2   0x000fa2       data     extern E:\c18v3.46\pic18-lt\cxx-framework\src\traditional\proc\p18f4520.asm
                 IPR2bits   0x000fa2       data     extern E:\c18v3.46\pic18-lt\cxx-framework\src\traditional\proc\p18f4520.asm
                     LATA   0x000f89       data     extern E:\c18v3.46\pic18-lt\cxx-framework\src\traditional\proc\p18f4520.asm
                 LATAbits   0x000f89       data     extern E:\c18v3.46\pic18-lt\cxx-framework\src\traditional\proc\p18f4520.asm
                     LATB   0x000f8a       data     extern E:\c18v3.46\pic18-lt\cxx-framework\src\traditional\proc\p18f4520.asm
                 LATBbits   0x000f8a       data     extern E:\c18v3.46\pic18-lt\cxx-framework\src\traditional\proc\p18f4520.asm
                     LATC   0x000f8b       data     extern E:\c18v3.46\pic18-lt\cxx-framework\src\traditional\proc\p18f4520.asm
                 LATCbits   0x000f8b       data     extern E:\c18v3.46\pic18-lt\cxx-framework\src\traditional\proc\p18f4520.asm
                     LATD   0x000f8c       data     extern E:\c18v3.46\pic18-lt\cxx-framework\src\traditional\proc\p18f4520.asm
                 LATDbits   0x000f8c       data     extern E:\c18v3.46\pic18-lt\cxx-framework\src\traditional\proc\p18f4520.asm
                     LATE   0x000f8d       data     extern E:\c18v3.46\pic18-lt\cxx-framework\src\traditional\proc\p18f4520.asm
                 LATEbits   0x000f8d       data     extern E:\c18v3.46\pic18-lt\cxx-framework\src\traditional\proc\p18f4520.asm
                   LVDCON   0x000fd2       data     extern E:\c18v3.46\pic18-lt\cxx-framework\src\traditional\proc\p18f4520.asm
               LVDCONbits   0x000fd2       data     extern E:\c18v3.46\pic18-lt\cxx-framework\src\traditional\proc\p18f4520.asm
                 MonthStr   0x000328       data     extern C:\Users\IDEONICS-BNG\Documents\GitHub\Preset_UP_Timer\source\rtc_driver.c
                   OSCCON   0x000fd3       data     extern E:\c18v3.46\pic18-lt\cxx-framework\src\traditional\proc\p18f4520.asm
               OSCCONbits   0x000fd3       data     extern E:\c18v3.46\pic18-lt\cxx-framework\src\traditional\proc\p18f4520.asm
                  OSCTUNE   0x000f9b       data     extern E:\c18v3.46\pic18-lt\cxx-framework\src\traditional\proc\p18f4520.asm
              OSCTUNEbits   0x000f9b       data     extern E:\c18v3.46\pic18-lt\cxx-framework\src\traditional\proc\p18f4520.asm
                       PC   0x000ff9       data     extern E:\c18v3.46\pic18-lt\cxx-framework\src\traditional\proc\p18f4520.asm
                      PCL   0x000ff9       data     extern E:\c18v3.46\pic18-lt\cxx-framework\src\traditional\proc\p18f4520.asm
                   PCLATH   0x000ffa       data     extern E:\c18v3.46\pic18-lt\cxx-framework\src\traditional\proc\p18f4520.asm
                   PCLATU   0x000ffb       data     extern E:\c18v3.46\pic18-lt\cxx-framework\src\traditional\proc\p18f4520.asm
                     PIE1   0x000f9d       data     extern E:\c18v3.46\pic18-lt\cxx-framework\src\traditional\proc\p18f4520.asm
                 PIE1bits   0x000f9d       data     extern E:\c18v3.46\pic18-lt\cxx-framework\src\traditional\proc\p18f4520.asm
                     PIE2   0x000fa0       data     extern E:\c18v3.46\pic18-lt\cxx-framework\src\traditional\proc\p18f4520.asm
                 PIE2bits   0x000fa0       data     extern E:\c18v3.46\pic18-lt\cxx-framework\src\traditional\proc\p18f4520.asm
                     PIR1   0x000f9e       data     extern E:\c18v3.46\pic18-lt\cxx-framework\src\traditional\proc\p18f4520.asm
                 PIR1bits   0x000f9e       data     extern E:\c18v3.46\pic18-lt\cxx-framework\src\traditional\proc\p18f4520.asm
                     PIR2   0x000fa1       data     extern E:\c18v3.46\pic18-lt\cxx-framework\src\traditional\proc\p18f4520.asm
                 PIR2bits   0x000fa1       data     extern E:\c18v3.46\pic18-lt\cxx-framework\src\traditional\proc\p18f4520.asm
                   PLUSW0   0x000feb       data     extern E:\c18v3.46\pic18-lt\cxx-framework\src\traditional\proc\p18f4520.asm
                   PLUSW1   0x000fe3       data     extern E:\c18v3.46\pic18-lt\cxx-framework\src\traditional\proc\p18f4520.asm
                   PLUSW2   0x000fdb       data     extern E:\c18v3.46\pic18-lt\cxx-framework\src\traditional\proc\p18f4520.asm
                    PORTA   0x000f80       data     extern E:\c18v3.46\pic18-lt\cxx-framework\src\traditional\proc\p18f4520.asm
                PORTAbits   0x000f80       data     extern E:\c18v3.46\pic18-lt\cxx-framework\src\traditional\proc\p18f4520.asm
                    PORTB   0x000f81       data     extern E:\c18v3.46\pic18-lt\cxx-framework\src\traditional\proc\p18f4520.asm
                PORTBbits   0x000f81       data     extern E:\c18v3.46\pic18-lt\cxx-framework\src\traditional\proc\p18f4520.asm
                    PORTC   0x000f82       data     extern E:\c18v3.46\pic18-lt\cxx-framework\src\traditional\proc\p18f4520.asm
                PORTCbits   0x000f82       data     extern E:\c18v3.46\pic18-lt\cxx-framework\src\traditional\proc\p18f4520.asm
                    PORTD   0x000f83       data     extern E:\c18v3.46\pic18-lt\cxx-framework\src\traditional\proc\p18f4520.asm
                PORTDbits   0x000f83       data     extern E:\c18v3.46\pic18-lt\cxx-framework\src\traditional\proc\p18f4520.asm
                    PORTE   0x000f84       data     extern E:\c18v3.46\pic18-lt\cxx-framework\src\traditional\proc\p18f4520.asm
                PORTEbits   0x000f84       data     extern E:\c18v3.46\pic18-lt\cxx-framework\src\traditional\proc\p18f4520.asm
                 POSTDEC0   0x000fed       data     extern E:\c18v3.46\pic18-lt\cxx-framework\src\traditional\proc\p18f4520.asm
                 POSTDEC1   0x000fe5       data     extern E:\c18v3.46\pic18-lt\cxx-framework\src\traditional\proc\p18f4520.asm
                 POSTDEC2   0x000fdd       data     extern E:\c18v3.46\pic18-lt\cxx-framework\src\traditional\proc\p18f4520.asm
                 POSTINC0   0x000fee       data     extern E:\c18v3.46\pic18-lt\cxx-framework\src\traditional\proc\p18f4520.asm
                 POSTINC1   0x000fe6       data     extern E:\c18v3.46\pic18-lt\cxx-framework\src\traditional\proc\p18f4520.asm
                 POSTINC2   0x000fde       data     extern E:\c18v3.46\pic18-lt\cxx-framework\src\traditional\proc\p18f4520.asm
                      PR2   0x000fcb       data     extern E:\c18v3.46\pic18-lt\cxx-framework\src\traditional\proc\p18f4520.asm
                  PREINC0   0x000fec       data     extern E:\c18v3.46\pic18-lt\cxx-framework\src\traditional\proc\p18f4520.asm
                  PREINC1   0x000fe4       data     extern E:\c18v3.46\pic18-lt\cxx-framework\src\traditional\proc\p18f4520.asm
                  PREINC2   0x000fdc       data     extern E:\c18v3.46\pic18-lt\cxx-framework\src\traditional\proc\p18f4520.asm
                     PROD   0x000ff3       data     extern E:\c18v3.46\pic18-lt\cxx-framework\src\traditional\proc\p18f4520.asm
                    PRODH   0x000ff4       data     extern E:\c18v3.46\pic18-lt\cxx-framework\src\traditional\proc\p18f4520.asm
                    PRODL   0x000ff3       data     extern E:\c18v3.46\pic18-lt\cxx-framework\src\traditional\proc\p18f4520.asm
                  PWM1CON   0x000fb7       data     extern E:\c18v3.46\pic18-lt\cxx-framework\src\traditional\proc\p18f4520.asm
              PWM1CONbits   0x000fb7       data     extern E:\c18v3.46\pic18-lt\cxx-framework\src\traditional\proc\p18f4520.asm
                     RCON   0x000fd0       data     extern E:\c18v3.46\pic18-lt\cxx-framework\src\traditional\proc\p18f4520.asm
                 RCONbits   0x000fd0       data     extern E:\c18v3.46\pic18-lt\cxx-framework\src\traditional\proc\p18f4520.asm
                    RCREG   0x000fae       data     extern E:\c18v3.46\pic18-lt\cxx-framework\src\traditional\proc\p18f4520.asm
                    RCSTA   0x000fab       data     extern E:\c18v3.46\pic18-lt\cxx-framework\src\traditional\proc\p18f4520.asm
                RCSTAbits   0x000fab       data     extern E:\c18v3.46\pic18-lt\cxx-framework\src\traditional\proc\p18f4520.asm
             RegistersRTC   0x000387       data     extern C:\Users\IDEONICS-BNG\Documents\GitHub\Preset_UP_Timer\source\rtc_driver.c
             SEVENSEGMENT   0x0003a6       data     static C:\Users\IDEONICS-BNG\Documents\GitHub\Preset_UP_Timer\source\digitdisplay.c
                     SIGN   0x000000       data     extern E:\c18v3.46\pic18-lt\cxx-framework\src\traditional\math\cmath18.asm
                    SPBRG   0x000faf       data     extern E:\c18v3.46\pic18-lt\cxx-framework\src\traditional\proc\p18f4520.asm
                   SPBRGH   0x000fb0       data     extern E:\c18v3.46\pic18-lt\cxx-framework\src\traditional\proc\p18f4520.asm
                   SSPADD   0x000fc8       data     extern E:\c18v3.46\pic18-lt\cxx-framework\src\traditional\proc\p18f4520.asm
                   SSPBUF   0x000fc9       data     extern E:\c18v3.46\pic18-lt\cxx-framework\src\traditional\proc\p18f4520.asm
                  SSPCON1   0x000fc6       data     extern E:\c18v3.46\pic18-lt\cxx-framework\src\traditional\proc\p18f4520.asm
              SSPCON1bits   0x000fc6       data     extern E:\c18v3.46\pic18-lt\cxx-framework\src\traditional\proc\p18f4520.asm
                  SSPCON2   0x000fc5       data     extern E:\c18v3.46\pic18-lt\cxx-framework\src\traditional\proc\p18f4520.asm
              SSPCON2bits   0x000fc5       data     extern E:\c18v3.46\pic18-lt\cxx-framework\src\traditional\proc\p18f4520.asm
                  SSPSTAT   0x000fc7       data     extern E:\c18v3.46\pic18-lt\cxx-framework\src\traditional\proc\p18f4520.asm
              SSPSTATbits   0x000fc7       data     extern E:\c18v3.46\pic18-lt\cxx-framework\src\traditional\proc\p18f4520.asm
                   STATUS   0x000fd8       data     extern E:\c18v3.46\pic18-lt\cxx-framework\src\traditional\proc\p18f4520.asm
               STATUSbits   0x000fd8       data     extern E:\c18v3.46\pic18-lt\cxx-framework\src\traditional\proc\p18f4520.asm
                   STKPTR   0x000ffc       data     extern E:\c18v3.46\pic18-lt\cxx-framework\src\traditional\proc\p18f4520.asm
               STKPTRbits   0x000ffc       data     extern E:\c18v3.46\pic18-lt\cxx-framework\src\traditional\proc\p18f4520.asm
                    T0CON   0x000fd5       data     extern E:\c18v3.46\pic18-lt\cxx-framework\src\traditional\proc\p18f4520.asm
                T0CONbits   0x000fd5       data     extern E:\c18v3.46\pic18-lt\cxx-framework\src\traditional\proc\p18f4520.asm
                    T1CON   0x000fcd       data     extern E:\c18v3.46\pic18-lt\cxx-framework\src\traditional\proc\p18f4520.asm
                T1CONbits   0x000fcd       data     extern E:\c18v3.46\pic18-lt\cxx-framework\src\traditional\proc\p18f4520.asm
                    T2CON   0x000fca       data     extern E:\c18v3.46\pic18-lt\cxx-framework\src\traditional\proc\p18f4520.asm
                T2CONbits   0x000fca       data     extern E:\c18v3.46\pic18-lt\cxx-framework\src\traditional\proc\p18f4520.asm
                    T3CON   0x000fb1       data     extern E:\c18v3.46\pic18-lt\cxx-framework\src\traditional\proc\p18f4520.asm
                T3CONbits   0x000fb1       data     extern E:\c18v3.46\pic18-lt\cxx-framework\src\traditional\proc\p18f4520.asm
                   TABLAT   0x000ff5       data     extern E:\c18v3.46\pic18-lt\cxx-framework\src\traditional\proc\p18f4520.asm
                   TBLPTR   0x000ff6       data     extern E:\c18v3.46\pic18-lt\cxx-framework\src\traditional\proc\p18f4520.asm
                  TBLPTRH   0x000ff7       data     extern E:\c18v3.46\pic18-lt\cxx-framework\src\traditional\proc\p18f4520.asm
                  TBLPTRL   0x000ff6       data     extern E:\c18v3.46\pic18-lt\cxx-framework\src\traditional\proc\p18f4520.asm
                  TBLPTRU   0x000ff8       data     extern E:\c18v3.46\pic18-lt\cxx-framework\src\traditional\proc\p18f4520.asm
                    TMR0H   0x000fd7       data     extern E:\c18v3.46\pic18-lt\cxx-framework\src\traditional\proc\p18f4520.asm
                    TMR0L   0x000fd6       data     extern E:\c18v3.46\pic18-lt\cxx-framework\src\traditional\proc\p18f4520.asm
                    TMR1H   0x000fcf       data     extern E:\c18v3.46\pic18-lt\cxx-framework\src\traditional\proc\p18f4520.asm
                    TMR1L   0x000fce       data     extern E:\c18v3.46\pic18-lt\cxx-framework\src\traditional\proc\p18f4520.asm
                     TMR2   0x000fcc       data     extern E:\c18v3.46\pic18-lt\cxx-framework\src\traditional\proc\p18f4520.asm
                    TMR3H   0x000fb3       data     extern E:\c18v3.46\pic18-lt\cxx-framework\src\traditional\proc\p18f4520.asm
                    TMR3L   0x000fb2       data     extern E:\c18v3.46\pic18-lt\cxx-framework\src\traditional\proc\p18f4520.asm
                      TOS   0x000ffd       data     extern E:\c18v3.46\pic18-lt\cxx-framework\src\traditional\proc\p18f4520.asm
                     TOSH   0x000ffe       data     extern E:\c18v3.46\pic18-lt\cxx-framework\src\traditional\proc\p18f4520.asm
                     TOSL   0x000ffd       data     extern E:\c18v3.46\pic18-lt\cxx-framework\src\traditional\proc\p18f4520.asm
                     TOSU   0x000fff       data     extern E:\c18v3.46\pic18-lt\cxx-framework\src\traditional\proc\p18f4520.asm
                    TRISA   0x000f92       data     extern E:\c18v3.46\pic18-lt\cxx-framework\src\traditional\proc\p18f4520.asm
                TRISAbits   0x000f92       data     extern E:\c18v3.46\pic18-lt\cxx-framework\src\traditional\proc\p18f4520.asm
                    TRISB   0x000f93       data     extern E:\c18v3.46\pic18-lt\cxx-framework\src\traditional\proc\p18f4520.asm
                TRISBbits   0x000f93       data     extern E:\c18v3.46\pic18-lt\cxx-framework\src\traditional\proc\p18f4520.asm
                    TRISC   0x000f94       data     extern E:\c18v3.46\pic18-lt\cxx-framework\src\traditional\proc\p18f4520.asm
                TRISCbits   0x000f94       data     extern E:\c18v3.46\pic18-lt\cxx-framework\src\traditional\proc\p18f4520.asm
                    TRISD   0x000f95       data     extern E:\c18v3.46\pic18-lt\cxx-framework\src\traditional\proc\p18f4520.asm
                TRISDbits   0x000f95       data     extern E:\c18v3.46\pic18-lt\cxx-framework\src\traditional\proc\p18f4520.asm
                    TRISE   0x000f96       data     extern E:\c18v3.46\pic18-lt\cxx-framework\src\traditional\proc\p18f4520.asm
                TRISEbits   0x000f96       data     extern E:\c18v3.46\pic18-lt\cxx-framework\src\traditional\proc\p18f4520.asm
                    TXREG   0x000fad       data     extern E:\c18v3.46\pic18-lt\cxx-framework\src\traditional\proc\p18f4520.asm
                    TXSTA   0x000fac       data     extern E:\c18v3.46\pic18-lt\cxx-framework\src\traditional\proc\p18f4520.asm
                TXSTAbits   0x000fac       data     extern E:\c18v3.46\pic18-lt\cxx-framework\src\traditional\proc\p18f4520.asm
            TimeClockMode   0x000396       data     extern C:\Users\IDEONICS-BNG\Documents\GitHub\Preset_UP_Timer\source\rtc_driver.c
  TimeClockUpdateRequired   0x000319       data     extern C:\Users\IDEONICS-BNG\Documents\GitHub\Preset_UP_Timer\source\rtc_driver.c
                        W   0x000fe8       data     extern E:\c18v3.46\pic18-lt\cxx-framework\src\traditional\proc\p18f4520.asm
                   WDTCON   0x000fd1       data     extern E:\c18v3.46\pic18-lt\cxx-framework\src\traditional\proc\p18f4520.asm
               WDTCONbits   0x000fd1       data     extern E:\c18v3.46\pic18-lt\cxx-framework\src\traditional\proc\p18f4520.asm
                     WREG   0x000fe8       data     extern E:\c18v3.46\pic18-lt\cxx-framework\src\traditional\proc\p18f4520.asm
                 __AARGB0   0x000009       data     extern E:\c18v3.46\pic18-lt\cxx-framework\src\traditional\math\aarg.asm
                 __AARGB1   0x000008       data     extern E:\c18v3.46\pic18-lt\cxx-framework\src\traditional\math\aarg.asm
                 __AARGB2   0x000007       data     extern E:\c18v3.46\pic18-lt\cxx-framework\src\traditional\math\aarg.asm
                 __AARGB3   0x000006       data     extern E:\c18v3.46\pic18-lt\cxx-framework\src\traditional\math\aarg.asm
                 __AARGB4   0x000005       data     extern E:\c18v3.46\pic18-lt\cxx-framework\src\traditional\math\aarg.asm
                 __AARGB5   0x000004       data     extern E:\c18v3.46\pic18-lt\cxx-framework\src\traditional\math\aarg.asm
                 __AARGB6   0x000003       data     extern E:\c18v3.46\pic18-lt\cxx-framework\src\traditional\math\aarg.asm
                 __AARGB7   0x000002       data     extern E:\c18v3.46\pic18-lt\cxx-framework\src\traditional\math\aarg.asm
                   __AEXP   0x00000a       data     extern E:\c18v3.46\pic18-lt\cxx-framework\src\traditional\math\aarg.asm
                 __BARGB0   0x00000e       data     extern E:\c18v3.46\pic18-lt\cxx-framework\src\traditional\math\barg.asm
                 __BARGB1   0x00000d       data     extern E:\c18v3.46\pic18-lt\cxx-framework\src\traditional\math\barg.asm
                 __BARGB2   0x00000c       data     extern E:\c18v3.46\pic18-lt\cxx-framework\src\traditional\math\barg.asm
                 __BARGB3   0x00000b       data     extern E:\c18v3.46\pic18-lt\cxx-framework\src\traditional\math\barg.asm
                   __BEXP   0x00000f       data     extern E:\c18v3.46\pic18-lt\cxx-framework\src\traditional\math\barg.asm
                __FPFLAGS   0x000001       data     extern E:\c18v3.46\pic18-lt\cxx-framework\src\traditional\math\cmath18.asm
            __FPFLAGSbits   0x000001       data     extern E:\c18v3.46\pic18-lt\cxx-framework\src\traditional\math\cmath18.asm
                  __REMB0   0x000005       data     extern E:\c18v3.46\pic18-lt\cxx-framework\src\traditional\math\aarg.asm
                  __REMB1   0x000004       data     extern E:\c18v3.46\pic18-lt\cxx-framework\src\traditional\math\aarg.asm
                  __REMB2   0x000003       data     extern E:\c18v3.46\pic18-lt\cxx-framework\src\traditional\math\aarg.asm
                  __REMB3   0x000002       data     extern E:\c18v3.46\pic18-lt\cxx-framework\src\traditional\math\aarg.asm
                   __TEMP   0x000013       data     extern E:\c18v3.46\pic18-lt\cxx-framework\src\traditional\math\temparg.asm
                 __TEMPB0   0x000013       data     extern E:\c18v3.46\pic18-lt\cxx-framework\src\traditional\math\temparg.asm
                 __TEMPB1   0x000012       data     extern E:\c18v3.46\pic18-lt\cxx-framework\src\traditional\math\temparg.asm
                 __TEMPB2   0x000011       data     extern E:\c18v3.46\pic18-lt\cxx-framework\src\traditional\math\temparg.asm
                 __TEMPB3   0x000010       data     extern E:\c18v3.46\pic18-lt\cxx-framework\src\traditional\math\temparg.asm
                  __tmp_0   0x000014       data     static C:\Users\IDEONICS-BNG\Documents\GitHub\Preset_UP_Timer\source\digitdisplay.c
                  __tmp_0   0x000014       data     static C:\Users\IDEONICS-BNG\Documents\GitHub\Preset_UP_Timer\source\app.c
                  __tmp_0   0x000014       data     static C:\Users\IDEONICS-BNG\Documents\GitHub\Preset_UP_Timer\source\i2c_driver.c
                  __tmp_0   0x000014       data     static E:\c18v3.46\pic18-lt\cxx-framework\src\pmc_common\EEP\read_B.c
                  __tmp_0   0x000014       data     static C:\Users\IDEONICS-BNG\Documents\GitHub\Preset_UP_Timer\source\rtc_driver.c
                  __tmp_0   0x000014       data     static E:\c18v3.46\pic18-lt\cxx-framework\src\pmc_common\EEP\write_B.c
                  __tmp_0   0x000014       data     static C:\Users\IDEONICS-BNG\Documents\GitHub\Preset_UP_Timer\source\math_fun.c
                  __tmp_0   0x000014       data     static C:\Users\IDEONICS-BNG\Documents\GitHub\Preset_UP_Timer\source\linearkeypad.c
                      app   0x000300       data     extern C:\Users\IDEONICS-BNG\Documents\GitHub\Preset_UP_Timer\source\app.c
           appUpdateCount   0x00037f       data     extern C:\Users\IDEONICS-BNG\Documents\GitHub\Preset_UP_Timer\source\timer.c
                curr_byte   0x0003b4       data     static E:\c18v3.46\pic18-lt\cxx-framework\src\traditional\startup\c018i.c
               curr_entry   0x0003b6       data     static E:\c18v3.46\pic18-lt\cxx-framework\src\traditional\startup\c018i.c
                 data_ptr   0x0003b8       data     static E:\c18v3.46\pic18-lt\cxx-framework\src\traditional\startup\c018i.c
             digitDisplay   0x000341       data     extern C:\Users\IDEONICS-BNG\Documents\GitHub\Preset_UP_Timer\source\digitdisplay.c
           heartBeatCount   0x00037b       data     extern C:\Users\IDEONICS-BNG\Documents\GitHub\Preset_UP_Timer\source\timer.c
       keypadUpdate_count   0x00037d       data     extern C:\Users\IDEONICS-BNG\Documents\GitHub\Preset_UP_Timer\source\timer.c
                     keys   0x00039c       data     extern C:\Users\IDEONICS-BNG\Documents\GitHub\Preset_UP_Timer\source\linearkeypad.c
                 ledState   0x0003c4       data     static C:\Users\IDEONICS-BNG\Documents\GitHub\Preset_UP_Timer\source\board.c
                 ledState   0x0003c5       data     extern C:\Users\IDEONICS-BNG\Documents\GitHub\Preset_UP_Timer\source\heartBeat.c
                      max   0x000362       data     extern C:\Users\IDEONICS-BNG\Documents\GitHub\Preset_UP_Timer\source\app.c
                  message   0x0003bb       data     extern C:\Users\IDEONICS-BNG\Documents\GitHub\Preset_UP_Timer\source\main.c
                portValue   0x000397       data     extern C:\Users\IDEONICS-BNG\Documents\GitHub\Preset_UP_Timer\source\linearkeypad.c
                  prevSec   0x000340       data     static C:\Users\IDEONICS-BNG\Documents\GitHub\Preset_UP_Timer\source\rtc_driver.c
                     prom   0x0003b1       data     static E:\c18v3.46\pic18-lt\cxx-framework\src\traditional\startup\c018i.c
       readTimeDateBuffer   0x000366       data     extern C:\Users\IDEONICS-BNG\Documents\GitHub\Preset_UP_Timer\source\app.c
                stRtcRegs   0x00038e       data     extern C:\Users\IDEONICS-BNG\Documents\GitHub\Preset_UP_Timer\source\rtc_driver.c
     timeStampUpdateCount   0x000381       data     extern C:\Users\IDEONICS-BNG\Documents\GitHub\Preset_UP_Timer\source\timer.c
                      tmr   0x000373       data     extern C:\Users\IDEONICS-BNG\Documents\GitHub\Preset_UP_Timer\source\timer.c
                 txBuffer   0x00035c       data     extern C:\Users\IDEONICS-BNG\Documents\GitHub\Preset_UP_Timer\source\app.c
      writeTimeDateBuffer   0x00036c       data     extern C:\Users\IDEONICS-BNG\Documents\GitHub\Preset_UP_Timer\source\app.c



                              Symbols - Sorted by Address
                     Name    Address   Location    Storage File                     
                ---------  ---------  ---------  --------- ---------                
                   _entry   0x000000    program     extern E:\c18v3.46\pic18-lt\cxx-framework\src\traditional\startup\c018i.c
       ___return_lbl00000   0x000004    program     static                          
                   __init   0x000006    program     extern E:\c18v3.46\pic18-lt\cxx-framework\src\traditional\stdclib\__init.c
           high_interrupt   0x000008    program     extern C:\Users\IDEONICS-BNG\Documents\GitHub\Preset_UP_Timer\source\interruptvector.c
           ___if_lbl00001   0x000010    program     static                          
           ___if_lbl00002   0x000018    program     static                          
       ___return_lbl00000   0x000018    program     static                          
         EnableInterrupts   0x00001a    program     extern C:\Users\IDEONICS-BNG\Documents\GitHub\Preset_UP_Timer\source\interruptvector.c
                 FXD1616U   0x000020    program     extern E:\c18v3.46\pic18-lt\cxx-framework\src\traditional\math\fxd1616u.c
                     loop   0x00002a    program     static                          
                  endloop   0x000046    program     static                          
       ___return_lbl00000   0x00004a    program     static                          
           ConvertBCD2HEX   0x0000be    program     extern C:\Users\IDEONICS-BNG\Documents\GitHub\Preset_UP_Timer\source\math_fun.c
                  BCD2HEX   0x00014c    program     extern C:\Users\IDEONICS-BNG\Documents\GitHub\Preset_UP_Timer\source\math_fun.c
                  HEX2BCD   0x000186    program     extern C:\Users\IDEONICS-BNG\Documents\GitHub\Preset_UP_Timer\source\math_fun.c
ConvertAndDisplay16BitValue   0x0001ea    program     extern C:\Users\IDEONICS-BNG\Documents\GitHub\Preset_UP_Timer\source\math_fun.c
ConvertAndDisplay8BitValue   0x00047a    program     extern C:\Users\IDEONICS-BNG\Documents\GitHub\Preset_UP_Timer\source\math_fun.c
ConvertAndDisplay32BitValue   0x0005b6    program     extern C:\Users\IDEONICS-BNG\Documents\GitHub\Preset_UP_Timer\source\math_fun.c
                 BCDtoBin   0x000af8    program     extern C:\Users\IDEONICS-BNG\Documents\GitHub\Preset_UP_Timer\source\math_fun.c
                 BinToBCD   0x000b26    program     extern C:\Users\IDEONICS-BNG\Documents\GitHub\Preset_UP_Timer\source\math_fun.c
ConvertUnPackedAsciiToPacked16BitHexValue   0x000b6c    program     extern C:\Users\IDEONICS-BNG\Documents\GitHub\Preset_UP_Timer\source\math_fun.c
                  Int2Day   0x000c82    program     extern C:\Users\IDEONICS-BNG\Documents\GitHub\Preset_UP_Timer\source\rtc_driver.c
                Int2Month   0x000cba    program     extern C:\Users\IDEONICS-BNG\Documents\GitHub\Preset_UP_Timer\source\rtc_driver.c
       ReadRtcTimeAndDate   0x000d00    program     extern C:\Users\IDEONICS-BNG\Documents\GitHub\Preset_UP_Timer\source\rtc_driver.c
      WriteRtcTimeAndDate   0x000e50    program     extern C:\Users\IDEONICS-BNG\Documents\GitHub\Preset_UP_Timer\source\rtc_driver.c
              SetHourMode   0x000f5c    program     extern C:\Users\IDEONICS-BNG\Documents\GitHub\Preset_UP_Timer\source\rtc_driver.c
  ConvertTime24to12Format   0x000fc6    program     extern C:\Users\IDEONICS-BNG\Documents\GitHub\Preset_UP_Timer\source\rtc_driver.c
  ConvertTime12to24Format   0x001156    program     extern C:\Users\IDEONICS-BNG\Documents\GitHub\Preset_UP_Timer\source\rtc_driver.c
  ConvertHour12to24Format   0x0012b0    program     extern C:\Users\IDEONICS-BNG\Documents\GitHub\Preset_UP_Timer\source\rtc_driver.c
          StoreSystemTime   0x001316    program     extern C:\Users\IDEONICS-BNG\Documents\GitHub\Preset_UP_Timer\source\rtc_driver.c
          StoreSystemDate   0x00140c    program     extern C:\Users\IDEONICS-BNG\Documents\GitHub\Preset_UP_Timer\source\rtc_driver.c
           StoreSystemDay   0x001504    program     extern C:\Users\IDEONICS-BNG\Documents\GitHub\Preset_UP_Timer\source\rtc_driver.c
            InitializeRtc   0x00153c    program     extern C:\Users\IDEONICS-BNG\Documents\GitHub\Preset_UP_Timer\source\rtc_driver.c
  UpdateRealTimeClockTask   0x001590    program     extern C:\Users\IDEONICS-BNG\Documents\GitHub\Preset_UP_Timer\source\rtc_driver.c
                 APP_init   0x0015b6    program     extern C:\Users\IDEONICS-BNG\Documents\GitHub\Preset_UP_Timer\source\app.c
                 APP_task   0x0016c6    program     extern C:\Users\IDEONICS-BNG\Documents\GitHub\Preset_UP_Timer\source\app.c
           APP_conversion   0x001af4    program     extern C:\Users\IDEONICS-BNG\Documents\GitHub\Preset_UP_Timer\source\app.c
   APP_resetDisplayBuffer   0x001b46    program     extern C:\Users\IDEONICS-BNG\Documents\GitHub\Preset_UP_Timer\source\app.c
    APP_resetPresetBuffer   0x001ba0    program     extern C:\Users\IDEONICS-BNG\Documents\GitHub\Preset_UP_Timer\source\app.c
            APP_updateRTC   0x001bfa    program     extern C:\Users\IDEONICS-BNG\Documents\GitHub\Preset_UP_Timer\source\app.c
        DigitDisplay_init   0x001c4e    program     extern C:\Users\IDEONICS-BNG\Documents\GitHub\Preset_UP_Timer\source\digitdisplay.c
        DigitDisplay_task   0x001d4a    program     extern C:\Users\IDEONICS-BNG\Documents\GitHub\Preset_UP_Timer\source\digitdisplay.c
DigitDisplay_updateBuffer   0x001dd0    program     extern C:\Users\IDEONICS-BNG\Documents\GitHub\Preset_UP_Timer\source\digitdisplay.c
DigitDisplay_updateBufferBinary   0x001e9a    program     extern C:\Users\IDEONICS-BNG\Documents\GitHub\Preset_UP_Timer\source\digitdisplay.c
 DigitDisplay_updateDigit   0x001eee    program     extern C:\Users\IDEONICS-BNG\Documents\GitHub\Preset_UP_Timer\source\digitdisplay.c
     DigitDisplay_blinkOn   0x001f72    program     extern C:\Users\IDEONICS-BNG\Documents\GitHub\Preset_UP_Timer\source\digitdisplay.c
    DigitDisplay_blinkOff   0x001faa    program     extern C:\Users\IDEONICS-BNG\Documents\GitHub\Preset_UP_Timer\source\digitdisplay.c
       DigitDisplay_clear   0x001fb8    program     extern C:\Users\IDEONICS-BNG\Documents\GitHub\Preset_UP_Timer\source\digitdisplay.c
       writeToDisplayPort   0x001fec    program     static C:\Users\IDEONICS-BNG\Documents\GitHub\Preset_UP_Timer\source\digitdisplay.c
       DigitDisplay_DotOn   0x002044    program     extern C:\Users\IDEONICS-BNG\Documents\GitHub\Preset_UP_Timer\source\digitdisplay.c
                 validate   0x0020aa    program     static C:\Users\IDEONICS-BNG\Documents\GitHub\Preset_UP_Timer\source\digitdisplay.c
DigitDisplay_updateBufferPartial   0x0020ee    program     extern C:\Users\IDEONICS-BNG\Documents\GitHub\Preset_UP_Timer\source\digitdisplay.c
 DigitDisplay_blinkOn_ind   0x0021ce    program     extern C:\Users\IDEONICS-BNG\Documents\GitHub\Preset_UP_Timer\source\digitdisplay.c
        LinearKeyPad_init   0x002260    program     extern C:\Users\IDEONICS-BNG\Documents\GitHub\Preset_UP_Timer\source\linearkeypad.c
   LinearKeyPad_updateKey   0x002290    program     extern C:\Users\IDEONICS-BNG\Documents\GitHub\Preset_UP_Timer\source\linearkeypad.c
LinearKeyPad_scan_from_to   0x0022bc    program     extern C:\Users\IDEONICS-BNG\Documents\GitHub\Preset_UP_Timer\source\linearkeypad.c
        LinearKeyPad_scan   0x002314    program     extern C:\Users\IDEONICS-BNG\Documents\GitHub\Preset_UP_Timer\source\linearkeypad.c
 LinearKeyPad_getKeyState   0x00235e    program     extern C:\Users\IDEONICS-BNG\Documents\GitHub\Preset_UP_Timer\source\linearkeypad.c
       LinearKeyPad_reset   0x002386    program     extern C:\Users\IDEONICS-BNG\Documents\GitHub\Preset_UP_Timer\source\linearkeypad.c
           readKeyPadPort   0x0023d0    program     static C:\Users\IDEONICS-BNG\Documents\GitHub\Preset_UP_Timer\source\linearkeypad.c
                updateKey   0x002402    program     static C:\Users\IDEONICS-BNG\Documents\GitHub\Preset_UP_Timer\source\linearkeypad.c
                 TMR0_ISR   0x002512    program     extern C:\Users\IDEONICS-BNG\Documents\GitHub\Preset_UP_Timer\source\timer.c
                 TMR1_ISR   0x0025fc    program     extern C:\Users\IDEONICS-BNG\Documents\GitHub\Preset_UP_Timer\source\timer.c
                TMR0_init   0x0026b6    program     extern C:\Users\IDEONICS-BNG\Documents\GitHub\Preset_UP_Timer\source\timer.c
                TMR1_init   0x0026fc    program     extern C:\Users\IDEONICS-BNG\Documents\GitHub\Preset_UP_Timer\source\timer.c
               GetAppTime   0x002744    program     extern C:\Users\IDEONICS-BNG\Documents\GitHub\Preset_UP_Timer\source\timer.c
             ResetAppTime   0x002794    program     extern C:\Users\IDEONICS-BNG\Documents\GitHub\Preset_UP_Timer\source\timer.c
            InitializeI2C   0x0027a4    program     extern C:\Users\IDEONICS-BNG\Documents\GitHub\Preset_UP_Timer\source\i2c_driver.c
                 StartI2C   0x0027bc    program     extern C:\Users\IDEONICS-BNG\Documents\GitHub\Preset_UP_Timer\source\i2c_driver.c
                  StopI2C   0x0027e8    program     extern C:\Users\IDEONICS-BNG\Documents\GitHub\Preset_UP_Timer\source\i2c_driver.c
                 ResetI2C   0x002808    program     extern C:\Users\IDEONICS-BNG\Documents\GitHub\Preset_UP_Timer\source\i2c_driver.c
                 WriteI2C   0x002844    program     extern C:\Users\IDEONICS-BNG\Documents\GitHub\Preset_UP_Timer\source\i2c_driver.c
                  ReadI2C   0x0028d2    program     extern C:\Users\IDEONICS-BNG\Documents\GitHub\Preset_UP_Timer\source\i2c_driver.c
              ReadByteI2C   0x002974    program     extern C:\Users\IDEONICS-BNG\Documents\GitHub\Preset_UP_Timer\source\i2c_driver.c
             WriteByteI2C   0x0029b8    program     extern C:\Users\IDEONICS-BNG\Documents\GitHub\Preset_UP_Timer\source\i2c_driver.c
                     main   0x0029ea    program     extern C:\Users\IDEONICS-BNG\Documents\GitHub\Preset_UP_Timer\source\main.c
                _do_cinit   0x002a90    program     extern E:\c18v3.46\pic18-lt\cxx-framework\src\traditional\startup\c018i.c
                     test   0x002aaa    program     static                          
                copy_loop   0x002b02    program     static                          
            copy_one_byte   0x002b08    program     static                          
             done_copying   0x002b16    program     static                          
                     done   0x002b2c    program     static                          
       ___return_lbl00002   0x002b2c    program     static                          
              Write_b_eep   0x002b2e    program     extern E:\c18v3.46\pic18-lt\cxx-framework\src\pmc_common\EEP\write_B.c
              __string_18   0x002b94    program     static C:\Users\IDEONICS-BNG\Documents\GitHub\Preset_UP_Timer\source\rtc_driver.c
              __string_17   0x002b98    program     static C:\Users\IDEONICS-BNG\Documents\GitHub\Preset_UP_Timer\source\rtc_driver.c
              __string_16   0x002b9c    program     static C:\Users\IDEONICS-BNG\Documents\GitHub\Preset_UP_Timer\source\rtc_driver.c
              __string_15   0x002ba0    program     static C:\Users\IDEONICS-BNG\Documents\GitHub\Preset_UP_Timer\source\rtc_driver.c
              __string_14   0x002ba4    program     static C:\Users\IDEONICS-BNG\Documents\GitHub\Preset_UP_Timer\source\rtc_driver.c
              __string_13   0x002ba8    program     static C:\Users\IDEONICS-BNG\Documents\GitHub\Preset_UP_Timer\source\rtc_driver.c
              __string_12   0x002bac    program     static C:\Users\IDEONICS-BNG\Documents\GitHub\Preset_UP_Timer\source\rtc_driver.c
              __string_11   0x002bb0    program     static C:\Users\IDEONICS-BNG\Documents\GitHub\Preset_UP_Timer\source\rtc_driver.c
              __string_10   0x002bb4    program     static C:\Users\IDEONICS-BNG\Documents\GitHub\Preset_UP_Timer\source\rtc_driver.c
               __string_9   0x002bb8    program     static C:\Users\IDEONICS-BNG\Documents\GitHub\Preset_UP_Timer\source\rtc_driver.c
               __string_8   0x002bbc    program     static C:\Users\IDEONICS-BNG\Documents\GitHub\Preset_UP_Timer\source\rtc_driver.c
               __string_7   0x002bc0    program     static C:\Users\IDEONICS-BNG\Documents\GitHub\Preset_UP_Timer\source\rtc_driver.c
               __string_6   0x002bc4    program     static C:\Users\IDEONICS-BNG\Documents\GitHub\Preset_UP_Timer\source\rtc_driver.c
               __string_5   0x002bc8    program     static C:\Users\IDEONICS-BNG\Documents\GitHub\Preset_UP_Timer\source\rtc_driver.c
               __string_4   0x002bcc    program     static C:\Users\IDEONICS-BNG\Documents\GitHub\Preset_UP_Timer\source\rtc_driver.c
               __string_3   0x002bd0    program     static C:\Users\IDEONICS-BNG\Documents\GitHub\Preset_UP_Timer\source\rtc_driver.c
               __string_2   0x002bd4    program     static C:\Users\IDEONICS-BNG\Documents\GitHub\Preset_UP_Timer\source\rtc_driver.c
               __string_1   0x002bd8    program     static C:\Users\IDEONICS-BNG\Documents\GitHub\Preset_UP_Timer\source\rtc_driver.c
               __string_0   0x002bdc    program     static C:\Users\IDEONICS-BNG\Documents\GitHub\Preset_UP_Timer\source\rtc_driver.c
                 FXD3232U   0x002be0    program     extern E:\c18v3.46\pic18-lt\cxx-framework\src\traditional\math\fxd3232u.c
                     loop   0x002bee    program     static                          
                   _false   0x002c22    program     static                          
       ___return_lbl00000   0x002c26    program     static                          
               Read_b_eep   0x002c28    program     extern E:\c18v3.46\pic18-lt\cxx-framework\src\pmc_common\EEP\read_B.c
       ___return_lbl00000   0x002c60    program     static                          
               OpenTimer1   0x002c6c    program     extern E:\c18v3.46\pic18-lt\cxx-framework\src\pmc_common\Timers\t1open.c
                 BRD_init   0x002cae    program     extern C:\Users\IDEONICS-BNG\Documents\GitHub\Preset_UP_Timer\source\board.c
                 FXM1616U   0x002cec    program     extern E:\c18v3.46\pic18-lt\cxx-framework\src\traditional\math\fxm1616u.asm
              WriteTimer1   0x002d28    program     extern E:\c18v3.46\pic18-lt\cxx-framework\src\pmc_common\Timers\t1write.c
              WriteTimer0   0x002d60    program     extern E:\c18v3.46\pic18-lt\cxx-framework\src\pmc_common\Timers\t0write.c
               OpenTimer0   0x002d98    program     extern E:\c18v3.46\pic18-lt\cxx-framework\src\pmc_common\Timers\t0open.c
              Delay1KTCYx   0x002dd0    program     extern E:\c18v3.46\pic18-lt\cxx-framework\src\traditional\delays\d1ktcyx.asm
                     D1Kx   0x002dda    program     static E:\c18v3.46\pic18-lt\cxx-framework\src\traditional\delays\d1ktcyx.asm
                    D1K_1   0x002ddc    program     static E:\c18v3.46\pic18-lt\cxx-framework\src\traditional\delays\d1ktcyx.asm
        _D1KTCYXCODE_0010   0x002de0    program     static E:\c18v3.46\pic18-lt\cxx-framework\src\traditional\delays\d1ktcyx.asm
        _D1KTCYXCODE_0016   0x002de6    program     static E:\c18v3.46\pic18-lt\cxx-framework\src\traditional\delays\d1ktcyx.asm
            __zero_memory   0x002df0    program     extern E:\c18v3.46\pic18-lt\cxx-framework\src\traditional\proc\p18f4520.asm
                   loop_h   0x002dfe    program     static E:\c18v3.46\pic18-lt\cxx-framework\src\traditional\proc\p18f4520.asm
               zero_block   0x002dfe    program     static E:\c18v3.46\pic18-lt\cxx-framework\src\traditional\proc\p18f4520.asm
                compare_l   0x002e06    program     static E:\c18v3.46\pic18-lt\cxx-framework\src\traditional\proc\p18f4520.asm
                   loop_l   0x002e08    program     static E:\c18v3.46\pic18-lt\cxx-framework\src\traditional\proc\p18f4520.asm
                 _startup   0x002e10    program     extern E:\c18v3.46\pic18-lt\cxx-framework\src\traditional\startup\c018i.c
                     loop   0x002e20    program     static                          
       ___return_lbl00001   0x002e2a    program     static                          
                 FXD0808U   0x002e2c    program     extern E:\c18v3.46\pic18-lt\cxx-framework\src\traditional\math\fxd0808u.c
                     loop   0x002e34    program     static                          
                  endloop   0x002e42    program     static                          
       ___return_lbl00000   0x002e46    program     static                          
                  HB_init   0x002e48    program     extern C:\Users\IDEONICS-BNG\Documents\GitHub\Preset_UP_Timer\source\heartBeat.c
                  HB_task   0x002e4e    program     extern C:\Users\IDEONICS-BNG\Documents\GitHub\Preset_UP_Timer\source\heartBeat.c
              Delay10TCYx   0x002e62    program     extern E:\c18v3.46\pic18-lt\cxx-framework\src\traditional\delays\d10tcyx.asm
                     D10x   0x002e6a    program     static E:\c18v3.46\pic18-lt\cxx-framework\src\traditional\delays\d10tcyx.asm
[...]
                    TRISD   0x000f95       data     extern E:\c18v3.46\pic18-lt\cxx-framework\src\traditional\proc\p18f4520.asm
                TRISDbits   0x000f95       data     extern E:\c18v3.46\pic18-lt\cxx-framework\src\traditional\proc\p18f4520.asm
                     DDRD   0x000f95       data     extern E:\c18v3.46\pic18-lt\cxx-framework\src\traditional\proc\p18f4520.asm
                     DDRE   0x000f96       data     extern E:\c18v3.46\pic18-lt\cxx-framework\src\traditional\proc\p18f4520.asm
                 DDREbits   0x000f96       data     extern E:\c18v3.46\pic18-lt\cxx-framework\src\traditional\proc\p18f4520.asm
                    TRISE   0x000f96       data     extern E:\c18v3.46\pic18-lt\cxx-framework\src\traditional\proc\p18f4520.asm
                TRISEbits   0x000f96       data     extern E:\c18v3.46\pic18-lt\cxx-framework\src\traditional\proc\p18f4520.asm
              OSCTUNEbits   0x000f9b       data     extern E:\c18v3.46\pic18-lt\cxx-framework\src\traditional\proc\p18f4520.asm
                  OSCTUNE   0x000f9b       data     extern E:\c18v3.46\pic18-lt\cxx-framework\src\traditional\proc\p18f4520.asm
                 PIE1bits   0x000f9d       data     extern E:\c18v3.46\pic18-lt\cxx-framework\src\traditional\proc\p18f4520.asm
                     PIE1   0x000f9d       data     extern E:\c18v3.46\pic18-lt\cxx-framework\src\traditional\proc\p18f4520.asm
                 PIR1bits   0x000f9e       data     extern E:\c18v3.46\pic18-lt\cxx-framework\src\traditional\proc\p18f4520.asm
                     PIR1   0x000f9e       data     extern E:\c18v3.46\pic18-lt\cxx-framework\src\traditional\proc\p18f4520.asm
                     IPR1   0x000f9f       data     extern E:\c18v3.46\pic18-lt\cxx-framework\src\traditional\proc\p18f4520.asm
                 IPR1bits   0x000f9f       data     extern E:\c18v3.46\pic18-lt\cxx-framework\src\traditional\proc\p18f4520.asm
                 PIE2bits   0x000fa0       data     extern E:\c18v3.46\pic18-lt\cxx-framework\src\traditional\proc\p18f4520.asm
                     PIE2   0x000fa0       data     extern E:\c18v3.46\pic18-lt\cxx-framework\src\traditional\proc\p18f4520.asm
                     PIR2   0x000fa1       data     extern E:\c18v3.46\pic18-lt\cxx-framework\src\traditional\proc\p18f4520.asm
                 PIR2bits   0x000fa1       data     extern E:\c18v3.46\pic18-lt\cxx-framework\src\traditional\proc\p18f4520.asm
                     IPR2   0x000fa2       data     extern E:\c18v3.46\pic18-lt\cxx-framework\src\traditional\proc\p18f4520.asm
                 IPR2bits   0x000fa2       data     extern E:\c18v3.46\pic18-lt\cxx-framework\src\traditional\proc\p18f4520.asm
                   EECON1   0x000fa6       data     extern E:\c18v3.46\pic18-lt\cxx-framework\src\traditional\proc\p18f4520.asm
               EECON1bits   0x000fa6       data     extern E:\c18v3.46\pic18-lt\cxx-framework\src\traditional\proc\p18f4520.asm
                   EECON2   0x000fa7       data     extern E:\c18v3.46\pic18-lt\cxx-framework\src\traditional\proc\p18f4520.asm
                   EEDATA   0x000fa8       data     extern E:\c18v3.46\pic18-lt\cxx-framework\src\traditional\proc\p18f4520.asm
                    EEADR   0x000fa9       data     extern E:\c18v3.46\pic18-lt\cxx-framework\src\traditional\proc\p18f4520.asm
                    RCSTA   0x000fab       data     extern E:\c18v3.46\pic18-lt\cxx-framework\src\traditional\proc\p18f4520.asm
                RCSTAbits   0x000fab       data     extern E:\c18v3.46\pic18-lt\cxx-framework\src\traditional\proc\p18f4520.asm
                TXSTAbits   0x000fac       data     extern E:\c18v3.46\pic18-lt\cxx-framework\src\traditional\proc\p18f4520.asm
                    TXSTA   0x000fac       data     extern E:\c18v3.46\pic18-lt\cxx-framework\src\traditional\proc\p18f4520.asm
                    TXREG   0x000fad       data     extern E:\c18v3.46\pic18-lt\cxx-framework\src\traditional\proc\p18f4520.asm
                    RCREG   0x000fae       data     extern E:\c18v3.46\pic18-lt\cxx-framework\src\traditional\proc\p18f4520.asm
                    SPBRG   0x000faf       data     extern E:\c18v3.46\pic18-lt\cxx-framework\src\traditional\proc\p18f4520.asm
                   SPBRGH   0x000fb0       data     extern E:\c18v3.46\pic18-lt\cxx-framework\src\traditional\proc\p18f4520.asm
                T3CONbits   0x000fb1       data     extern E:\c18v3.46\pic18-lt\cxx-framework\src\traditional\proc\p18f4520.asm
                    T3CON   0x000fb1       data     extern E:\c18v3.46\pic18-lt\cxx-framework\src\traditional\proc\p18f4520.asm
                    TMR3L   0x000fb2       data     extern E:\c18v3.46\pic18-lt\cxx-framework\src\traditional\proc\p18f4520.asm
                    TMR3H   0x000fb3       data     extern E:\c18v3.46\pic18-lt\cxx-framework\src\traditional\proc\p18f4520.asm
                    CMCON   0x000fb4       data     extern E:\c18v3.46\pic18-lt\cxx-framework\src\traditional\proc\p18f4520.asm
                CMCONbits   0x000fb4       data     extern E:\c18v3.46\pic18-lt\cxx-framework\src\traditional\proc\p18f4520.asm
                   CVRCON   0x000fb5       data     extern E:\c18v3.46\pic18-lt\cxx-framework\src\traditional\proc\p18f4520.asm
               CVRCONbits   0x000fb5       data     extern E:\c18v3.46\pic18-lt\cxx-framework\src\traditional\proc\p18f4520.asm
                  ECCP1AS   0x000fb6       data     extern E:\c18v3.46\pic18-lt\cxx-framework\src\traditional\proc\p18f4520.asm
              ECCP1ASbits   0x000fb6       data     extern E:\c18v3.46\pic18-lt\cxx-framework\src\traditional\proc\p18f4520.asm
                   ECCPAS   0x000fb6       data     extern E:\c18v3.46\pic18-lt\cxx-framework\src\traditional\proc\p18f4520.asm
               ECCPASbits   0x000fb6       data     extern E:\c18v3.46\pic18-lt\cxx-framework\src\traditional\proc\p18f4520.asm
                  PWM1CON   0x000fb7       data     extern E:\c18v3.46\pic18-lt\cxx-framework\src\traditional\proc\p18f4520.asm
             ECCP1DELbits   0x000fb7       data     extern E:\c18v3.46\pic18-lt\cxx-framework\src\traditional\proc\p18f4520.asm
                 ECCP1DEL   0x000fb7       data     extern E:\c18v3.46\pic18-lt\cxx-framework\src\traditional\proc\p18f4520.asm
              PWM1CONbits   0x000fb7       data     extern E:\c18v3.46\pic18-lt\cxx-framework\src\traditional\proc\p18f4520.asm
                  BAUDCON   0x000fb8       data     extern E:\c18v3.46\pic18-lt\cxx-framework\src\traditional\proc\p18f4520.asm
              BAUDCONbits   0x000fb8       data     extern E:\c18v3.46\pic18-lt\cxx-framework\src\traditional\proc\p18f4520.asm
                  BAUDCTL   0x000fb8       data     extern E:\c18v3.46\pic18-lt\cxx-framework\src\traditional\proc\p18f4520.asm
              BAUDCTLbits   0x000fb8       data     extern E:\c18v3.46\pic18-lt\cxx-framework\src\traditional\proc\p18f4520.asm
                  CCP2CON   0x000fba       data     extern E:\c18v3.46\pic18-lt\cxx-framework\src\traditional\proc\p18f4520.asm
              CCP2CONbits   0x000fba       data     extern E:\c18v3.46\pic18-lt\cxx-framework\src\traditional\proc\p18f4520.asm
                    CCPR2   0x000fbb       data     extern E:\c18v3.46\pic18-lt\cxx-framework\src\traditional\proc\p18f4520.asm
                   CCPR2L   0x000fbb       data     extern E:\c18v3.46\pic18-lt\cxx-framework\src\traditional\proc\p18f4520.asm
                   CCPR2H   0x000fbc       data     extern E:\c18v3.46\pic18-lt\cxx-framework\src\traditional\proc\p18f4520.asm
              CCP1CONbits   0x000fbd       data     extern E:\c18v3.46\pic18-lt\cxx-framework\src\traditional\proc\p18f4520.asm
                  CCP1CON   0x000fbd       data     extern E:\c18v3.46\pic18-lt\cxx-framework\src\traditional\proc\p18f4520.asm
                   CCPR1L   0x000fbe       data     extern E:\c18v3.46\pic18-lt\cxx-framework\src\traditional\proc\p18f4520.asm
                    CCPR1   0x000fbe       data     extern E:\c18v3.46\pic18-lt\cxx-framework\src\traditional\proc\p18f4520.asm
                   CCPR1H   0x000fbf       data     extern E:\c18v3.46\pic18-lt\cxx-framework\src\traditional\proc\p18f4520.asm
                   ADCON2   0x000fc0       data     extern E:\c18v3.46\pic18-lt\cxx-framework\src\traditional\proc\p18f4520.asm
               ADCON2bits   0x000fc0       data     extern E:\c18v3.46\pic18-lt\cxx-framework\src\traditional\proc\p18f4520.asm
                   ADCON1   0x000fc1       data     extern E:\c18v3.46\pic18-lt\cxx-framework\src\traditional\proc\p18f4520.asm
               ADCON1bits   0x000fc1       data     extern E:\c18v3.46\pic18-lt\cxx-framework\src\traditional\proc\p18f4520.asm
                   ADCON0   0x000fc2       data     extern E:\c18v3.46\pic18-lt\cxx-framework\src\traditional\proc\p18f4520.asm
               ADCON0bits   0x000fc2       data     extern E:\c18v3.46\pic18-lt\cxx-framework\src\traditional\proc\p18f4520.asm
                    ADRES   0x000fc3       data     extern E:\c18v3.46\pic18-lt\cxx-framework\src\traditional\proc\p18f4520.asm
                   ADRESL   0x000fc3       data     extern E:\c18v3.46\pic18-lt\cxx-framework\src\traditional\proc\p18f4520.asm
                   ADRESH   0x000fc4       data     extern E:\c18v3.46\pic18-lt\cxx-framework\src\traditional\proc\p18f4520.asm
                  SSPCON2   0x000fc5       data     extern E:\c18v3.46\pic18-lt\cxx-framework\src\traditional\proc\p18f4520.asm
              SSPCON2bits   0x000fc5       data     extern E:\c18v3.46\pic18-lt\cxx-framework\src\traditional\proc\p18f4520.asm
                  SSPCON1   0x000fc6       data     extern E:\c18v3.46\pic18-lt\cxx-framework\src\traditional\proc\p18f4520.asm
              SSPCON1bits   0x000fc6       data     extern E:\c18v3.46\pic18-lt\cxx-framework\src\traditional\proc\p18f4520.asm
                  SSPSTAT   0x000fc7       data     extern E:\c18v3.46\pic18-lt\cxx-framework\src\traditional\proc\p18f4520.asm
              SSPSTATbits   0x000fc7       data     extern E:\c18v3.46\pic18-lt\cxx-framework\src\traditional\proc\p18f4520.asm
                   SSPADD   0x000fc8       data     extern E:\c18v3.46\pic18-lt\cxx-framework\src\traditional\proc\p18f4520.asm
                   SSPBUF   0x000fc9       data     extern E:\c18v3.46\pic18-lt\cxx-framework\src\traditional\proc\p18f4520.asm
                T2CONbits   0x000fca       data     extern E:\c18v3.46\pic18-lt\cxx-framework\src\traditional\proc\p18f4520.asm
                    T2CON   0x000fca       data     extern E:\c18v3.46\pic18-lt\cxx-framework\src\traditional\proc\p18f4520.asm
                      PR2   0x000fcb       data     extern E:\c18v3.46\pic18-lt\cxx-framework\src\traditional\proc\p18f4520.asm
                     TMR2   0x000fcc       data     extern E:\c18v3.46\pic18-lt\cxx-framework\src\traditional\proc\p18f4520.asm
                T1CONbits   0x000fcd       data     extern E:\c18v3.46\pic18-lt\cxx-framework\src\traditional\proc\p18f4520.asm
                    T1CON   0x000fcd       data     extern E:\c18v3.46\pic18-lt\cxx-framework\src\traditional\proc\p18f4520.asm
                    TMR1L   0x000fce       data     extern E:\c18v3.46\pic18-lt\cxx-framework\src\traditional\proc\p18f4520.asm
                    TMR1H   0x000fcf       data     extern E:\c18v3.46\pic18-lt\cxx-framework\src\traditional\proc\p18f4520.asm
                     RCON   0x000fd0       data     extern E:\c18v3.46\pic18-lt\cxx-framework\src\traditional\proc\p18f4520.asm
                 RCONbits   0x000fd0       data     extern E:\c18v3.46\pic18-lt\cxx-framework\src\traditional\proc\p18f4520.asm
               WDTCONbits   0x000fd1       data     extern E:\c18v3.46\pic18-lt\cxx-framework\src\traditional\proc\p18f4520.asm
                   WDTCON   0x000fd1       data     extern E:\c18v3.46\pic18-lt\cxx-framework\src\traditional\proc\p18f4520.asm
               LVDCONbits   0x000fd2       data     extern E:\c18v3.46\pic18-lt\cxx-framework\src\traditional\proc\p18f4520.asm
                   LVDCON   0x000fd2       data     extern E:\c18v3.46\pic18-lt\cxx-framework\src\traditional\proc\p18f4520.asm
              HLVDCONbits   0x000fd2       data     extern E:\c18v3.46\pic18-lt\cxx-framework\src\traditional\proc\p18f4520.asm
                  HLVDCON   0x000fd2       data     extern E:\c18v3.46\pic18-lt\cxx-framework\src\traditional\proc\p18f4520.asm
               OSCCONbits   0x000fd3       data     extern E:\c18v3.46\pic18-lt\cxx-framework\src\traditional\proc\p18f4520.asm
                   OSCCON   0x000fd3       data     extern E:\c18v3.46\pic18-lt\cxx-framework\src\traditional\proc\p18f4520.asm
                T0CONbits   0x000fd5       data     extern E:\c18v3.46\pic18-lt\cxx-framework\src\traditional\proc\p18f4520.asm
                    T0CON   0x000fd5       data     extern E:\c18v3.46\pic18-lt\cxx-framework\src\traditional\proc\p18f4520.asm
                    TMR0L   0x000fd6       data     extern E:\c18v3.46\pic18-lt\cxx-framework\src\traditional\proc\p18f4520.asm
                    TMR0H   0x000fd7       data     extern E:\c18v3.46\pic18-lt\cxx-framework\src\traditional\proc\p18f4520.asm
                   STATUS   0x000fd8       data     extern E:\c18v3.46\pic18-lt\cxx-framework\src\traditional\proc\p18f4520.asm
               STATUSbits   0x000fd8       data     extern E:\c18v3.46\pic18-lt\cxx-framework\src\traditional\proc\p18f4520.asm
                     FSR2   0x000fd9       data     extern E:\c18v3.46\pic18-lt\cxx-framework\src\traditional\proc\p18f4520.asm
                    FSR2L   0x000fd9       data     extern E:\c18v3.46\pic18-lt\cxx-framework\src\traditional\proc\p18f4520.asm
                    FSR2H   0x000fda       data     extern E:\c18v3.46\pic18-lt\cxx-framework\src\traditional\proc\p18f4520.asm
                   PLUSW2   0x000fdb       data     extern E:\c18v3.46\pic18-lt\cxx-framework\src\traditional\proc\p18f4520.asm
                  PREINC2   0x000fdc       data     extern E:\c18v3.46\pic18-lt\cxx-framework\src\traditional\proc\p18f4520.asm
                 POSTDEC2   0x000fdd       data     extern E:\c18v3.46\pic18-lt\cxx-framework\src\traditional\proc\p18f4520.asm
                 POSTINC2   0x000fde       data     extern E:\c18v3.46\pic18-lt\cxx-framework\src\traditional\proc\p18f4520.asm
                    INDF2   0x000fdf       data     extern E:\c18v3.46\pic18-lt\cxx-framework\src\traditional\proc\p18f4520.asm
                      BSR   0x000fe0       data     extern E:\c18v3.46\pic18-lt\cxx-framework\src\traditional\proc\p18f4520.asm
                     FSR1   0x000fe1       data     extern E:\c18v3.46\pic18-lt\cxx-framework\src\traditional\proc\p18f4520.asm
                    FSR1L   0x000fe1       data     extern E:\c18v3.46\pic18-lt\cxx-framework\src\traditional\proc\p18f4520.asm
                    FSR1H   0x000fe2       data     extern E:\c18v3.46\pic18-lt\cxx-framework\src\traditional\proc\p18f4520.asm
                   PLUSW1   0x000fe3       data     extern E:\c18v3.46\pic18-lt\cxx-framework\src\traditional\proc\p18f4520.asm
                  PREINC1   0x000fe4       data     extern E:\c18v3.46\pic18-lt\cxx-framework\src\traditional\proc\p18f4520.asm
                 POSTDEC1   0x000fe5       data     extern E:\c18v3.46\pic18-lt\cxx-framework\src\traditional\proc\p18f4520.asm
                 POSTINC1   0x000fe6       data     extern E:\c18v3.46\pic18-lt\cxx-framework\src\traditional\proc\p18f4520.asm
                    INDF1   0x000fe7       data     extern E:\c18v3.46\pic18-lt\cxx-framework\src\traditional\proc\p18f4520.asm
                        W   0x000fe8       data     extern E:\c18v3.46\pic18-lt\cxx-framework\src\traditional\proc\p18f4520.asm
                     WREG   0x000fe8       data     extern E:\c18v3.46\pic18-lt\cxx-framework\src\traditional\proc\p18f4520.asm
                     FSR0   0x000fe9       data     extern E:\c18v3.46\pic18-lt\cxx-framework\src\traditional\proc\p18f4520.asm
                    FSR0L   0x000fe9       data     extern E:\c18v3.46\pic18-lt\cxx-framework\src\traditional\proc\p18f4520.asm
                    FSR0H   0x000fea       data     extern E:\c18v3.46\pic18-lt\cxx-framework\src\traditional\proc\p18f4520.asm
                   PLUSW0   0x000feb       data     extern E:\c18v3.46\pic18-lt\cxx-framework\src\traditional\proc\p18f4520.asm
                  PREINC0   0x000fec       data     extern E:\c18v3.46\pic18-lt\cxx-framework\src\traditional\proc\p18f4520.asm
                 POSTDEC0   0x000fed       data     extern E:\c18v3.46\pic18-lt\cxx-framework\src\traditional\proc\p18f4520.asm
                 POSTINC0   0x000fee       data     extern E:\c18v3.46\pic18-lt\cxx-framework\src\traditional\proc\p18f4520.asm
                    INDF0   0x000fef       data     extern E:\c18v3.46\pic18-lt\cxx-framework\src\traditional\proc\p18f4520.asm
              INTCON3bits   0x000ff0       data     extern E:\c18v3.46\pic18-lt\cxx-framework\src\traditional\proc\p18f4520.asm
                  INTCON3   0x000ff0       data     extern E:\c18v3.46\pic18-lt\cxx-framework\src\traditional\proc\p18f4520.asm
              INTCON2bits   0x000ff1       data     extern E:\c18v3.46\pic18-lt\cxx-framework\src\traditional\proc\p18f4520.asm
                  INTCON2   0x000ff1       data     extern E:\c18v3.46\pic18-lt\cxx-framework\src\traditional\proc\p18f4520.asm
               INTCONbits   0x000ff2       data     extern E:\c18v3.46\pic18-lt\cxx-framework\src\traditional\proc\p18f4520.asm
                   INTCON   0x000ff2       data     extern E:\c18v3.46\pic18-lt\cxx-framework\src\traditional\proc\p18f4520.asm
                     PROD   0x000ff3       data     extern E:\c18v3.46\pic18-lt\cxx-framework\src\traditional\proc\p18f4520.asm
                    PRODL   0x000ff3       data     extern E:\c18v3.46\pic18-lt\cxx-framework\src\traditional\proc\p18f4520.asm
                    PRODH   0x000ff4       data     extern E:\c18v3.46\pic18-lt\cxx-framework\src\traditional\proc\p18f4520.asm
                   TABLAT   0x000ff5       data     extern E:\c18v3.46\pic18-lt\cxx-framework\src\traditional\proc\p18f4520.asm
                   TBLPTR   0x000ff6       data     extern E:\c18v3.46\pic18-lt\cxx-framework\src\traditional\proc\p18f4520.asm
                  TBLPTRL   0x000ff6       data     extern E:\c18v3.46\pic18-lt\cxx-framework\src\traditional\proc\p18f4520.asm
                  TBLPTRH   0x000ff7       data     extern E:\c18v3.46\pic18-lt\cxx-framework\src\traditional\proc\p18f4520.asm
                  TBLPTRU   0x000ff8       data     extern E:\c18v3.46\pic18-lt\cxx-framework\src\traditional\proc\p18f4520.asm
                      PCL   0x000ff9       data     extern E:\c18v3.46\pic18-lt\cxx-framework\src\traditional\proc\p18f4520.asm
                       PC   0x000ff9       data     extern E:\c18v3.46\pic18-lt\cxx-framework\src\traditional\proc\p18f4520.asm
                   PCLATH   0x000ffa       data     extern E:\c18v3.46\pic18-lt\cxx-framework\src\traditional\proc\p18f4520.asm
                   PCLATU   0x000ffb       data     extern E:\c18v3.46\pic18-lt\cxx-framework\src\traditional\proc\p18f4520.asm
                   STKPTR   0x000ffc       data     extern E:\c18v3.46\pic18-lt\cxx-framework\src\traditional\proc\p18f4520.asm
               STKPTRbits   0x000ffc       data     extern E:\c18v3.46\pic18-lt\cxx-framework\src\traditional\proc\p18f4520.asm
                     TOSL   0x000ffd       data     extern E:\c18v3.46\pic18-lt\cxx-framework\src\traditional\proc\p18f4520.asm
                      TOS   0x000ffd       data     extern E:\c18v3.46\pic18-lt\cxx-framework\src\traditional\proc\p18f4520.asm
                     TOSH   0x000ffe       data     extern E:\c18v3.46\pic18-lt\cxx-framework\src\traditional\proc\p18f4520.asm
                     TOSU   0x000fff       data     extern E:\c18v3.46\pic18-lt\cxx-framework\src\traditional\proc\p18f4520.asm


